Component: ARM Compiler 5.06 update 5 (build 528) Tool: armlink [4d35e2]

==============================================================================

Section Cross References

    startup_stm32l476xx.o(RESET) refers to startup_stm32l476xx.o(STACK) for __initial_sp
    startup_stm32l476xx.o(RESET) refers to startup_stm32l476xx.o(.text) for Reset_Handler
    startup_stm32l476xx.o(RESET) refers to stm32l4xx_it.o(i.NMI_Handler) for NMI_Handler
    startup_stm32l476xx.o(RESET) refers to stm32l4xx_it.o(i.HardFault_Handler) for HardFault_Handler
    startup_stm32l476xx.o(RESET) refers to stm32l4xx_it.o(i.MemManage_Handler) for MemManage_Handler
    startup_stm32l476xx.o(RESET) refers to stm32l4xx_it.o(i.BusFault_Handler) for BusFault_Handler
    startup_stm32l476xx.o(RESET) refers to stm32l4xx_it.o(i.UsageFault_Handler) for UsageFault_Handler
    startup_stm32l476xx.o(RESET) refers to stm32l4xx_it.o(i.SVC_Handler) for SVC_Handler
    startup_stm32l476xx.o(RESET) refers to stm32l4xx_it.o(i.DebugMon_Handler) for DebugMon_Handler
    startup_stm32l476xx.o(RESET) refers to stm32l4xx_it.o(i.PendSV_Handler) for PendSV_Handler
    startup_stm32l476xx.o(RESET) refers to stm32l4xx_it.o(i.SysTick_Handler) for SysTick_Handler
    startup_stm32l476xx.o(.text) refers to system_stm32l4xx.o(i.SystemInit) for SystemInit
    startup_stm32l476xx.o(.text) refers to entry.o(.ARM.Collect$$$$00000000) for __main
    main.o(i.MX_GPIO_Init) refers to memseta.o(.text) for __aeabi_memclr4
    main.o(i.MX_GPIO_Init) refers to stm32l4xx_hal_gpio.o(i.HAL_GPIO_WritePin) for HAL_GPIO_WritePin
    main.o(i.MX_GPIO_Init) refers to stm32l4xx_hal_gpio.o(i.HAL_GPIO_Init) for HAL_GPIO_Init
    main.o(i.MX_USART2_UART_Init) refers to stm32l4xx_hal_uart.o(i.HAL_UART_Init) for HAL_UART_Init
    main.o(i.MX_USART2_UART_Init) refers to main.o(.bss) for .bss
    main.o(i.SystemClock_Config) refers to memseta.o(.text) for __aeabi_memclr4
    main.o(i.SystemClock_Config) refers to stm32l4xx_hal_rcc.o(i.HAL_RCC_OscConfig) for HAL_RCC_OscConfig
    main.o(i.SystemClock_Config) refers to stm32l4xx_hal_rcc.o(i.HAL_RCC_ClockConfig) for HAL_RCC_ClockConfig
    main.o(i.SystemClock_Config) refers to stm32l4xx_hal_rcc_ex.o(i.HAL_RCCEx_PeriphCLKConfig) for HAL_RCCEx_PeriphCLKConfig
    main.o(i.SystemClock_Config) refers to stm32l4xx_hal_pwr_ex.o(i.HAL_PWREx_ControlVoltageScaling) for HAL_PWREx_ControlVoltageScaling
    main.o(i.main) refers to stm32l4xx_hal.o(i.HAL_Init) for HAL_Init
    main.o(i.main) refers to main.o(i.SystemClock_Config) for SystemClock_Config
    main.o(i.main) refers to main.o(i.MX_GPIO_Init) for MX_GPIO_Init
    main.o(i.main) refers to stm32l4xx_hal_crc.o(i.HAL_CRC_Init) for HAL_CRC_Init
    main.o(i.main) refers to app_x-cube-ai.o(i.MX_X_CUBE_AI_Init) for MX_X_CUBE_AI_Init
    main.o(i.main) refers to printfa.o(i.__0printf) for __2printf
    main.o(i.main) refers to app_x-cube-ai.o(i.MX_X_CUBE_AI_Process) for MX_X_CUBE_AI_Process
    main.o(i.main) refers to main.o(.bss) for .bss
    app_x-cube-ai.o(i.MX_X_CUBE_AI_Init) refers to main.o(i.MX_USART2_UART_Init) for MX_USART2_UART_Init
    app_x-cube-ai.o(i.MX_X_CUBE_AI_Init) refers to aipredictation.o(i.aiPredictationInit) for aiPredictationInit
    app_x-cube-ai.o(i.MX_X_CUBE_AI_Process) refers to aipredictation.o(i.aiPredictationProcess) for aiPredictationProcess
    app_x-cube-ai.o(i.ai_mnetwork_create) refers to app_x-cube-ai.o(i.ai_mnetwork_handle) for ai_mnetwork_handle
    app_x-cube-ai.o(i.ai_mnetwork_create) refers to app_x-cube-ai.o(i.ai_mnetwork_is_valid) for ai_mnetwork_is_valid
    app_x-cube-ai.o(i.ai_mnetwork_create) refers to app_x-cube-ai.o(.constdata) for .constdata
    app_x-cube-ai.o(i.ai_mnetwork_destroy) refers to app_x-cube-ai.o(i.ai_mnetwork_handle) for ai_mnetwork_handle
    app_x-cube-ai.o(i.ai_mnetwork_destroy) refers to app_x-cube-ai.o(.bss) for .bss
    app_x-cube-ai.o(i.ai_mnetwork_find) refers to app_x-cube-ai.o(i.ai_mnetwork_is_valid) for ai_mnetwork_is_valid
    app_x-cube-ai.o(i.ai_mnetwork_find) refers to app_x-cube-ai.o(.constdata) for .constdata
    app_x-cube-ai.o(i.ai_mnetwork_forward) refers to app_x-cube-ai.o(i.ai_mnetwork_handle) for ai_mnetwork_handle
    app_x-cube-ai.o(i.ai_mnetwork_get_error) refers to app_x-cube-ai.o(i.ai_mnetwork_handle) for ai_mnetwork_handle
    app_x-cube-ai.o(i.ai_mnetwork_get_info) refers to app_x-cube-ai.o(i.ai_mnetwork_handle) for ai_mnetwork_handle
    app_x-cube-ai.o(i.ai_mnetwork_get_private_handle) refers to app_x-cube-ai.o(i.ai_mnetwork_handle) for ai_mnetwork_handle
    app_x-cube-ai.o(i.ai_mnetwork_get_private_handle) refers to memcpya.o(.text) for __aeabi_memcpy4
    app_x-cube-ai.o(i.ai_mnetwork_handle) refers to app_x-cube-ai.o(.bss) for .bss
    app_x-cube-ai.o(i.ai_mnetwork_init) refers to app_x-cube-ai.o(i.ai_mnetwork_handle) for ai_mnetwork_handle
    app_x-cube-ai.o(i.ai_mnetwork_init) refers to memcpya.o(.text) for __aeabi_memcpy4
[...]
    ai_mem_copy_buffer                       0x08004099   Thumb Code    12  ai_platform_interface.o(i.ai_mem_copy_buffer)
    i.ai_mnetwork_create                     0x080040a4   Section        0  app_x-cube-ai.o(i.ai_mnetwork_create)
    i.ai_mnetwork_destroy                    0x08004100   Section        0  app_x-cube-ai.o(i.ai_mnetwork_destroy)
    i.ai_mnetwork_find                       0x08004130   Section        0  app_x-cube-ai.o(i.ai_mnetwork_find)
    i.ai_mnetwork_get_error                  0x0800414c   Section        0  app_x-cube-ai.o(i.ai_mnetwork_get_error)
    i.ai_mnetwork_get_info                   0x08004174   Section        0  app_x-cube-ai.o(i.ai_mnetwork_get_info)
    i.ai_mnetwork_handle                     0x08004190   Section        0  app_x-cube-ai.o(i.ai_mnetwork_handle)
    ai_mnetwork_handle                       0x08004191   Thumb Code    24  app_x-cube-ai.o(i.ai_mnetwork_handle)
    i.ai_mnetwork_init                       0x080041ac   Section        0  app_x-cube-ai.o(i.ai_mnetwork_init)
    i.ai_mnetwork_is_valid                   0x08004206   Section        0  app_x-cube-ai.o(i.ai_mnetwork_is_valid)
    ai_mnetwork_is_valid                     0x08004207   Thumb Code    52  app_x-cube-ai.o(i.ai_mnetwork_is_valid)
    i.ai_mnetwork_run                        0x0800423a   Section        0  app_x-cube-ai.o(i.ai_mnetwork_run)
    i.ai_network_create                      0x0800425c   Section        0  network.o(i.ai_network_create)
    i.ai_network_data_weights_get            0x08004274   Section        0  network_data.o(i.ai_network_data_weights_get)
    i.ai_network_destroy                     0x0800427c   Section        0  network.o(i.ai_network_destroy)
    i.ai_network_forward                     0x08004280   Section        0  network.o(i.ai_network_forward)
    i.ai_network_get_error                   0x08004286   Section        0  network.o(i.ai_network_get_error)
    i.ai_network_get_info                    0x0800428c   Section        0  network.o(i.ai_network_get_info)
    i.ai_network_init                        0x08004314   Section        0  network.o(i.ai_network_init)
    i.ai_network_run                         0x08004336   Section        0  network.o(i.ai_network_run)
    i.ai_platform_api_get_version            0x0800433c   Section        0  ai_platform_interface.o(i.ai_platform_api_get_version)
    i.ai_platform_context_acquire            0x08004350   Section        0  ai_platform_interface.o(i.ai_platform_context_acquire)
    i.ai_platform_interface_api_get_version  0x0800436c   Section        0  ai_platform_interface.o(i.ai_platform_interface_api_get_version)
    i.ai_platform_network_create             0x08004380   Section        0  ai_platform_interface.o(i.ai_platform_network_create)
    i.ai_platform_network_destroy            0x080043f0   Section        0  ai_platform_interface.o(i.ai_platform_network_destroy)
    i.ai_platform_network_get_error          0x08004404   Section        0  ai_platform_interface.o(i.ai_platform_network_get_error)
    i.ai_platform_network_init               0x08004420   Section        0  ai_platform_interface.o(i.ai_platform_network_init)
    i.ai_platform_network_process            0x08004480   Section        0  ai_platform_interface.o(i.ai_platform_network_process)
    i.ai_platform_network_set_error          0x0800455e   Section        0  ai_platform_interface.o(i.ai_platform_network_set_error)
    i.ai_platform_runtime_get_revision       0x0800456c   Section        0  ai_platform_interface.o(i.ai_platform_runtime_get_revision)
    i.ai_platform_runtime_get_version        0x0800457c   Section        0  ai_platform_interface.o(i.ai_platform_runtime_get_version)
    i.ai_shape_get_size                      0x08004590   Section        0  layers_nl_generic_float.o(i.ai_shape_get_size)
    ai_shape_get_size                        0x08004591   Thumb Code    22  layers_nl_generic_float.o(i.ai_shape_get_size)
    i.arm_dot_prod_f32                       0x080045a8   Section        0  arm_dot_prod_f32.o(i.arm_dot_prod_f32)
    i.core_get_error                         0x08004610   Section        0  core_common.o(i.core_get_error)
    i.core_init                              0x0800461c   Section        0  core_common.o(i.core_init)
    i.core_set_error                         0x08004620   Section        0  core_common.o(i.core_set_error)
    i.decode_activity_type                   0x0800463c   Section        0  aipredictation.o(i.decode_activity_type)
    i.devIdToStr                             0x08004670   Section        0  aitestutility.o(i.devIdToStr)
    devIdToStr                               0x08004671   Thumb Code   112  aitestutility.o(i.devIdToStr)
    i.forward_conv2d_nl_pool                 0x0800477c   Section        0  layers_conv2d_generic_float.o(i.forward_conv2d_nl_pool)
    i.forward_dense                          0x080049b8   Section        0  layers_conv2d_generic_float.o(i.forward_dense)
    i.forward_relu                           0x08004ad6   Section        0  layers_nl_generic_float.o(i.forward_relu)
    i.forward_sm                             0x08004afc   Section        0  layers_nl_generic_float.o(i.forward_sm)
    i.fputc                                  0x08004b28   Section        0  aitestutility.o(i.fputc)
    i.func_dummy                             0x08004b4c   Section        0  layers_conv2d_generic_float.o(i.func_dummy)
    func_dummy                               0x08004b4d   Thumb Code     2  layers_conv2d_generic_float.o(i.func_dummy)
    i.logDeviceConf                          0x08004b50   Section        0  aitestutility.o(i.logDeviceConf)
    i.main                                   0x08004cfc   Section        0  main.o(i.main)
    i.network_configure_activations          0x08004d4c   Section        0  network.o(i.network_configure_activations)
    network_configure_activations            0x08004d4d   Thumb Code    88  network.o(i.network_configure_activations)
    i.network_configure_weights              0x08004da8   Section        0  network.o(i.network_configure_weights)
    network_configure_weights                0x08004da9   Thumb Code   154  network.o(i.network_configure_weights)
    i.nl_func_relu_array_f32                 0x08004e58   Section        0  layers_nl_generic_float.o(i.nl_func_relu_array_f32)
    i.nl_func_sm_array_f32                   0x08004e88   Section        0  layers_nl_generic_float.o(i.nl_func_sm_array_f32)
    i.nl_func_sm_channel_f32                 0x08004eb8   Section        0  layers_nl_generic_float.o(i.nl_func_sm_channel_f32)
    i.pool_func_mp_array_f32                 0x08004f48   Section        0  layers_pool_generic_float.o(i.pool_func_mp_array_f32)
    .constdata                               0x08004f88   Section       72  app_x-cube-ai.o(.constdata)
    networks                                 0x08004f88   Data          72  app_x-cube-ai.o(.constdata)
    .constdata                               0x08004fd0   Section       64  system_stm32l4xx.o(.constdata)
    .constdata                               0x08005010   Section        8  system_stm32l4xx.o(.constdata)
    .constdata                               0x08005018   Section     3272  aipredictation.o(.constdata)
    .constdata                               0x08005ce0   Section    794136  network_data.o(.constdata)
    s_network_weights                        0x08005ce0   Data       794136  network_data.o(.constdata)
    .constdata                               0x080c7af8   Section        4  network.o(.constdata)
    conv2d_1_chain                           0x080c7af8   Data           4  network.o(.constdata)
    .constdata                               0x080c7afc   Section        4  network.o(.constdata)
    dense_1_chain                            0x080c7afc   Data           4  network.o(.constdata)
    .constdata                               0x080c7b00   Section        4  network.o(.constdata)
    dense_1_nl_chain                         0x080c7b00   Data           4  network.o(.constdata)
    .constdata                               0x080c7b04   Section        4  network.o(.constdata)
    dense_2_chain                            0x080c7b04   Data           4  network.o(.constdata)
    .constdata                               0x080c7b08   Section        4  network.o(.constdata)
    dense_2_nl_chain                         0x080c7b08   Data           4  network.o(.constdata)
    .constdata                               0x080c7b0c   Section        4  network.o(.constdata)
    dense_3_chain                            0x080c7b0c   Data           4  network.o(.constdata)
    .constdata                               0x080c7b10   Section        4  network.o(.constdata)
    dense_3_nl_chain                         0x080c7b10   Data           4  network.o(.constdata)
    .constdata                               0x080c7b14   Section      124  network.o(.constdata)
    .constdata                               0x080c7b90   Section       32  ai_platform_interface.o(.constdata)
    .constdata                               0x080c7bb0   Section       48  expf.o(.constdata)
    twotokover4top                           0x080c7bb0   Data          16  expf.o(.constdata)
    twotokover4bot                           0x080c7bc0   Data          16  expf.o(.constdata)
    twotokover4all                           0x080c7bd0   Data          16  expf.o(.constdata)
    .conststring                             0x080c7be0   Section        8  app_x-cube-ai.o(.conststring)
    .conststring                             0x080c7be8   Section       68  aitestutility.o(.conststring)
    .conststring                             0x080c7c2c   Section       93  network.o(.conststring)
    .data                                    0x20000000   Section        4  system_stm32l4xx.o(.data)
    .data                                    0x20000004   Section        4  stm32l4xx_hal.o(.data)
    .data                                    0x20000008   Section       12  aitestutility.o(.data)
    i_ridx                                   0x2000000c   Data           4  aitestutility.o(.data)
    mconf                                    0x20000010   Data           4  aitestutility.o(.data)
    .data                                    0x20000014   Section        8  network.o(.data)
    <Data1>                                  0x20000014   Data           8  network.o(.data)
    .data                                    0x2000001c   Section        8  network.o(.data)
    <Data2>                                  0x2000001c   Data           8  network.o(.data)
    .data                                    0x20000024   Section       12  network.o(.data)
    <Data3>                                  0x20000024   Data          12  network.o(.data)
    .data                                    0x20000030   Section        4  network.o(.data)
    <Data4>                                  0x20000030   Data           4  network.o(.data)
    .data                                    0x20000034   Section       16  network.o(.data)
    <Data5>                                  0x20000034   Data          16  network.o(.data)
    .data                                    0x20000044   Section        8  network.o(.data)
    <Data6>                                  0x20000044   Data           8  network.o(.data)
    .data                                    0x2000004c   Section        8  network.o(.data)
    <Data7>                                  0x2000004c   Data           8  network.o(.data)
    .data                                    0x20000054   Section       12  network.o(.data)
    <Data8>                                  0x20000054   Data          12  network.o(.data)
    .data                                    0x20000060   Section        4  network.o(.data)
    <Data9>                                  0x20000060   Data           4  network.o(.data)
    .data                                    0x20000064   Section       16  network.o(.data)
    <Data10>                                 0x20000064   Data          16  network.o(.data)
    .data                                    0x20000074   Section        8  network.o(.data)
    <Data11>                                 0x20000074   Data           8  network.o(.data)
    .data                                    0x2000007c   Section        8  network.o(.data)
    <Data12>                                 0x2000007c   Data           8  network.o(.data)
    .data                                    0x20000084   Section        4  network.o(.data)
    <Data13>                                 0x20000084   Data           4  network.o(.data)
    .data                                    0x20000088   Section        4  network.o(.data)
    <Data14>                                 0x20000088   Data           4  network.o(.data)
    .data                                    0x2000008c   Section       16  network.o(.data)
    <Data15>                                 0x2000008c   Data          16  network.o(.data)
    .data                                    0x2000009c   Section        8  network.o(.data)
    <Data16>                                 0x2000009c   Data           8  network.o(.data)
    .data                                    0x200000a4   Section        8  network.o(.data)
    <Data17>                                 0x200000a4   Data           8  network.o(.data)
    .data                                    0x200000ac   Section       12  network.o(.data)
    <Data18>                                 0x200000ac   Data          12  network.o(.data)
    .data                                    0x200000b8   Section        4  network.o(.data)
    <Data19>                                 0x200000b8   Data           4  network.o(.data)
    .data                                    0x200000bc   Section       16  network.o(.data)
    <Data20>                                 0x200000bc   Data          16  network.o(.data)
    .data                                    0x200000cc   Section        8  network.o(.data)
    <Data21>                                 0x200000cc   Data           8  network.o(.data)
    .data                                    0x200000d4   Section        8  network.o(.data)
    <Data22>                                 0x200000d4   Data           8  network.o(.data)
    .data                                    0x200000dc   Section        4  network.o(.data)
    <Data23>                                 0x200000dc   Data           4  network.o(.data)
    .data                                    0x200000e0   Section        4  network.o(.data)
    <Data24>                                 0x200000e0   Data           4  network.o(.data)
    .data                                    0x200000e4   Section       16  network.o(.data)
    <Data25>                                 0x200000e4   Data          16  network.o(.data)
    .data                                    0x200000f4   Section        8  network.o(.data)
    <Data26>                                 0x200000f4   Data           8  network.o(.data)
    .data                                    0x200000fc   Section        8  network.o(.data)
    <Data27>                                 0x200000fc   Data           8  network.o(.data)
    .data                                    0x20000104   Section       12  network.o(.data)
    <Data28>                                 0x20000104   Data          12  network.o(.data)
    .data                                    0x20000110   Section        4  network.o(.data)
    <Data29>                                 0x20000110   Data           4  network.o(.data)
    .data                                    0x20000114   Section       16  network.o(.data)
    <Data30>                                 0x20000114   Data          16  network.o(.data)
    .data                                    0x20000124   Section        8  network.o(.data)
    <Data31>                                 0x20000124   Data           8  network.o(.data)
    .data                                    0x2000012c   Section        8  network.o(.data)
    <Data32>                                 0x2000012c   Data           8  network.o(.data)
    .data                                    0x20000134   Section        4  network.o(.data)
    <Data33>                                 0x20000134   Data           4  network.o(.data)
    .data                                    0x20000138   Section        4  network.o(.data)
    <Data34>                                 0x20000138   Data           4  network.o(.data)
    .data                                    0x2000013c   Section       16  network.o(.data)
    <Data35>                                 0x2000013c   Data          16  network.o(.data)
    .data                                    0x2000014c   Section      344  network.o(.data)
    input_0_output_array                     0x2000014c   Data          16  network.o(.data)
    conv2d_1_output_in_array                 0x2000015c   Data          16  network.o(.data)
    conv2d_1_output_out_array                0x2000016c   Data          16  network.o(.data)
    dense_1_output_array                     0x2000017c   Data          16  network.o(.data)
    dense_1_nl_output_array                  0x2000018c   Data          16  network.o(.data)
    dense_2_output_array                     0x2000019c   Data          16  network.o(.data)
    dense_2_nl_output_array                  0x200001ac   Data          16  network.o(.data)
    dense_3_output_array                     0x200001bc   Data          16  network.o(.data)
    dense_3_nl_output_array                  0x200001cc   Data          16  network.o(.data)
    conv2d_1_weights_array                   0x200001dc   Data          16  network.o(.data)
    conv2d_1_bias_array                      0x200001ec   Data          16  network.o(.data)
    dense_1_weights_array                    0x200001fc   Data          16  network.o(.data)
    dense_1_bias_array                       0x2000020c   Data          16  network.o(.data)
    dense_2_weights_array                    0x2000021c   Data          16  network.o(.data)
    dense_2_bias_array                       0x2000022c   Data          16  network.o(.data)
    dense_3_weights_array                    0x2000023c   Data          16  network.o(.data)
    dense_3_bias_array                       0x2000024c   Data          16  network.o(.data)
    g_network                                0x2000025c   Data          72  network.o(.data)
    .data                                    0x200002a4   Section       36  network.o(.data)
    input_0_output                           0x200002a4   Data          36  network.o(.data)
    .data                                    0x200002c8   Section       36  network.o(.data)
    conv2d_1_output_in                       0x200002c8   Data          36  network.o(.data)
    .data                                    0x200002ec   Section       36  network.o(.data)
    conv2d_1_output_out                      0x200002ec   Data          36  network.o(.data)
    .data                                    0x20000310   Section       36  network.o(.data)
    dense_1_output                           0x20000310   Data          36  network.o(.data)
    .data                                    0x20000334   Section       36  network.o(.data)
    dense_1_nl_output                        0x20000334   Data          36  network.o(.data)
    .data                                    0x20000358   Section       36  network.o(.data)
    dense_2_output                           0x20000358   Data          36  network.o(.data)
    .data                                    0x2000037c   Section       36  network.o(.data)
    dense_2_nl_output                        0x2000037c   Data          36  network.o(.data)
    .data                                    0x200003a0   Section       36  network.o(.data)
    dense_3_output                           0x200003a0   Data          36  network.o(.data)
    .data                                    0x200003c4   Section       36  network.o(.data)
    dense_3_nl_output                        0x200003c4   Data          36  network.o(.data)
    .data                                    0x200003e8   Section       36  network.o(.data)
    conv2d_1_weights                         0x200003e8   Data          36  network.o(.data)
    .data                                    0x2000040c   Section       36  network.o(.data)
    conv2d_1_bias                            0x2000040c   Data          36  network.o(.data)
    .data                                    0x20000430   Section       84  network.o(.data)
    conv2d_1_layer                           0x20000430   Data          84  network.o(.data)
    .data                                    0x20000484   Section       36  network.o(.data)
    dense_1_weights                          0x20000484   Data          36  network.o(.data)
    .data                                    0x200004a8   Section       36  network.o(.data)
    dense_1_bias                             0x200004a8   Data          36  network.o(.data)
    .data                                    0x200004cc   Section       24  network.o(.data)
    dense_1_layer                            0x200004cc   Data          24  network.o(.data)
    .data                                    0x200004e4   Section       24  network.o(.data)
    dense_1_nl_layer                         0x200004e4   Data          24  network.o(.data)
    .data                                    0x200004fc   Section       36  network.o(.data)
    dense_2_weights                          0x200004fc   Data          36  network.o(.data)
    .data                                    0x20000520   Section       36  network.o(.data)
    dense_2_bias                             0x20000520   Data          36  network.o(.data)
    .data                                    0x20000544   Section       24  network.o(.data)
    dense_2_layer                            0x20000544   Data          24  network.o(.data)
    .data                                    0x2000055c   Section       24  network.o(.data)
    dense_2_nl_layer                         0x2000055c   Data          24  network.o(.data)
    .data                                    0x20000574   Section       36  network.o(.data)
    dense_3_weights                          0x20000574   Data          36  network.o(.data)
    .data                                    0x20000598   Section       36  network.o(.data)
    dense_3_bias                             0x20000598   Data          36  network.o(.data)
    .data                                    0x200005bc   Section       24  network.o(.data)
    dense_3_layer                            0x200005bc   Data          24  network.o(.data)
    .data                                    0x200005d4   Section       24  network.o(.data)
    dense_3_nl_layer                         0x200005d4   Data          24  network.o(.data)
    .data                                    0x200005ec   Section        4  stdout.o(.data)
    .data                                    0x200005f0   Section        4  errno.o(.data)
    _errno                                   0x200005f0   Data           4  errno.o(.data)
    .bss                                     0x200005f4   Section      156  main.o(.bss)
    .bss                                     0x20000690   Section       40  app_x-cube-ai.o(.bss)
    gnetworks                                0x20000690   Data          40  app_x-cube-ai.o(.bss)
    .bss                                     0x200006b8   Section     1344  aipredictation.o(.bss)
    net_exec_ctx                             0x200006b8   Data         240  aipredictation.o(.bss)
    in_data                                  0x200007a8   Data        1080  aipredictation.o(.bss)
    out_data                                 0x20000be0   Data          24  aipredictation.o(.bss)
    .bss                                     0x20000bf8   Section    45572  aipredictation.o(.bss)
    activations                              0x20000bf8   Data       45572  aipredictation.o(.bss)
    STACK                                    0x2000be00   Section     1024  startup_stm32l476xx.o(STACK)

    Global Symbols

    Symbol Name                              Value     Ov Type        Size  Object(Section)

    BuildAttributes$$THM_ISAv4$E$P$D$K$B$S$7EM$VFPi3$EXTD16$VFPS$VFMA$PE$A:L22UL41UL21$X:L11$S22US41US21$IEEE1$IW$USESV6$~STKCKD$USESV7$~SHL$OTIME$ROPI$IEEEX$EBA8$MICROLIB$REQ8$PRES8$EABIv2 0x00000000   Number         0  anon$$obj.o ABSOLUTE
    __ARM_use_no_argv                        0x00000000   Number         0  main.o ABSOLUTE
    _printf_a                                0x00000000   Number         0  stubs.o ABSOLUTE
    _printf_c                                0x00000000   Number         0  stubs.o ABSOLUTE
    _printf_charcount                        0x00000000   Number         0  stubs.o ABSOLUTE
    _printf_d                                0x00000000   Number         0  stubs.o ABSOLUTE
    _printf_e                                0x00000000   Number         0  stubs.o ABSOLUTE
    _printf_f                                0x00000000   Number         0  stubs.o ABSOLUTE
    _printf_flags                            0x00000000   Number         0  stubs.o ABSOLUTE
    _printf_fp_dec                           0x00000000   Number         0  stubs.o ABSOLUTE
    _printf_fp_hex                           0x00000000   Number         0  stubs.o ABSOLUTE
    _printf_g                                0x00000000   Number         0  stubs.o ABSOLUTE
    _printf_i                                0x00000000   Number         0  stubs.o ABSOLUTE
    _printf_int_dec                          0x00000000   Number         0  stubs.o ABSOLUTE
    _printf_l                                0x00000000   Number         0  stubs.o ABSOLUTE
    _printf_lc                               0x00000000   Number         0  stubs.o ABSOLUTE
    _printf_ll                               0x00000000   Number         0  stubs.o ABSOLUTE
    _printf_lld                              0x00000000   Number         0  stubs.o ABSOLUTE
    _printf_lli                              0x00000000   Number         0  stubs.o ABSOLUTE
    _printf_llo                              0x00000000   Number         0  stubs.o ABSOLUTE
    _printf_llu                              0x00000000   Number         0  stubs.o ABSOLUTE
    _printf_llx                              0x00000000   Number         0  stubs.o ABSOLUTE
    _printf_longlong_dec                     0x00000000   Number         0  stubs.o ABSOLUTE
    _printf_longlong_hex                     0x00000000   Number         0  stubs.o ABSOLUTE
    _printf_longlong_oct                     0x00000000   Number         0  stubs.o ABSOLUTE
    _printf_ls                               0x00000000   Number         0  stubs.o ABSOLUTE
    _printf_mbtowc                           0x00000000   Number         0  stubs.o ABSOLUTE
    _printf_n                                0x00000000   Number         0  stubs.o ABSOLUTE
    _printf_o                                0x00000000   Number         0  stubs.o ABSOLUTE
    _printf_p                                0x00000000   Number         0  stubs.o ABSOLUTE
    _printf_percent                          0x00000000   Number         0  stubs.o ABSOLUTE
    _printf_pre_padding                      0x00000000   Number         0  stubs.o ABSOLUTE
    _printf_return_value                     0x00000000   Number         0  stubs.o ABSOLUTE
    _printf_s                                0x00000000   Number         0  stubs.o ABSOLUTE
    _printf_sizespec                         0x00000000   Number         0  stubs.o ABSOLUTE
    _printf_str                              0x00000000   Number         0  stubs.o ABSOLUTE
    _printf_truncate_signed                  0x00000000   Number         0  stubs.o ABSOLUTE
    _printf_truncate_unsigned                0x00000000   Number         0  stubs.o ABSOLUTE
    _printf_u                                0x00000000   Number         0  stubs.o ABSOLUTE
    _printf_wc                               0x00000000   Number         0  stubs.o ABSOLUTE
    _printf_wctomb                           0x00000000   Number         0  stubs.o ABSOLUTE
    _printf_widthprec                        0x00000000   Number         0  stubs.o ABSOLUTE
    _printf_x                                0x00000000   Number         0  stubs.o ABSOLUTE
    __cpp_initialize__aeabi_                  - Undefined Weak Reference
    __cxa_finalize                            - Undefined Weak Reference
    _clock_init                               - Undefined Weak Reference
    _microlib_exit                            - Undefined Weak Reference
    __Vectors_Size                           0x00000188   Number         0  startup_stm32l476xx.o ABSOLUTE
    __Vectors                                0x08000000   Data           4  startup_stm32l476xx.o(RESET)
    __Vectors_End                            0x08000188   Data           0  startup_stm32l476xx.o(RESET)
    __main                                   0x08000189   Thumb Code     0  entry.o(.ARM.Collect$$$$00000000)
    _main_stk                                0x08000189   Thumb Code     0  entry2.o(.ARM.Collect$$$$00000001)
    _main_scatterload                        0x0800018d   Thumb Code     0  entry5.o(.ARM.Collect$$$$00000004)
    __main_after_scatterload                 0x08000191   Thumb Code     0  entry5.o(.ARM.Collect$$$$00000004)
    _main_clock                              0x08000191   Thumb Code     0  entry7b.o(.ARM.Collect$$$$00000008)
    _main_cpp_init                           0x08000191   Thumb Code     0  entry8b.o(.ARM.Collect$$$$0000000A)
    _main_init                               0x08000191   Thumb Code     0  entry9a.o(.ARM.Collect$$$$0000000B)
    __rt_final_cpp                           0x08000199   Thumb Code     0  entry10a.o(.ARM.Collect$$$$0000000D)
    __rt_final_exit                          0x08000199   Thumb Code     0  entry11a.o(.ARM.Collect$$$$0000000F)
    Reset_Handler                            0x0800019d   Thumb Code     8  startup_stm32l476xx.o(.text)
    ADC1_2_IRQHandler                        0x080001b7   Thumb Code     0  startup_stm32l476xx.o(.text)
    ADC3_IRQHandler                          0x080001b7   Thumb Code     0  startup_stm32l476xx.o(.text)
    CAN1_RX0_IRQHandler                      0x080001b7   Thumb Code     0  startup_stm32l476xx.o(.text)
    CAN1_RX1_IRQHandler                      0x080001b7   Thumb Code     0  startup_stm32l476xx.o(.text)
    CAN1_SCE_IRQHandler                      0x080001b7   Thumb Code     0  startup_stm32l476xx.o(.text)
    CAN1_TX_IRQHandler                       0x080001b7   Thumb Code     0  startup_stm32l476xx.o(.text)
    COMP_IRQHandler                          0x080001b7   Thumb Code     0  startup_stm32l476xx.o(.text)
    DFSDM1_FLT0_IRQHandler                   0x080001b7   Thumb Code     0  startup_stm32l476xx.o(.text)
    DFSDM1_FLT1_IRQHandler                   0x080001b7   Thumb Code     0  startup_stm32l476xx.o(.text)
    DFSDM1_FLT2_IRQHandler                   0x080001b7   Thumb Code     0  startup_stm32l476xx.o(.text)
    DFSDM1_FLT3_IRQHandler                   0x080001b7   Thumb Code     0  startup_stm32l476xx.o(.text)
    DMA1_Channel1_IRQHandler                 0x080001b7   Thumb Code     0  startup_stm32l476xx.o(.text)
    DMA1_Channel2_IRQHandler                 0x080001b7   Thumb Code     0  startup_stm32l476xx.o(.text)
    DMA1_Channel3_IRQHandler                 0x080001b7   Thumb Code     0  startup_stm32l476xx.o(.text)
    DMA1_Channel4_IRQHandler                 0x080001b7   Thumb Code     0  startup_stm32l476xx.o(.text)
    DMA1_Channel5_IRQHandler                 0x080001b7   Thumb Code     0  startup_stm32l476xx.o(.text)
    DMA1_Channel6_IRQHandler                 0x080001b7   Thumb Code     0  startup_stm32l476xx.o(.text)
    DMA1_Channel7_IRQHandler                 0x080001b7   Thumb Code     0  startup_stm32l476xx.o(.text)
    DMA2_Channel1_IRQHandler                 0x080001b7   Thumb Code     0  startup_stm32l476xx.o(.text)
    DMA2_Channel2_IRQHandler                 0x080001b7   Thumb Code     0  startup_stm32l476xx.o(.text)
    DMA2_Channel3_IRQHandler                 0x080001b7   Thumb Code     0  startup_stm32l476xx.o(.text)
    DMA2_Channel4_IRQHandler                 0x080001b7   Thumb Code     0  startup_stm32l476xx.o(.text)
    DMA2_Channel5_IRQHandler                 0x080001b7   Thumb Code     0  startup_stm32l476xx.o(.text)
    DMA2_Channel6_IRQHandler                 0x080001b7   Thumb Code     0  startup_stm32l476xx.o(.text)
    DMA2_Channel7_IRQHandler                 0x080001b7   Thumb Code     0  startup_stm32l476xx.o(.text)
    EXTI0_IRQHandler                         0x080001b7   Thumb Code     0  startup_stm32l476xx.o(.text)
    EXTI15_10_IRQHandler                     0x080001b7   Thumb Code     0  startup_stm32l476xx.o(.text)
    EXTI1_IRQHandler                         0x080001b7   Thumb Code     0  startup_stm32l476xx.o(.text)
    EXTI2_IRQHandler                         0x080001b7   Thumb Code     0  startup_stm32l476xx.o(.text)
    EXTI3_IRQHandler                         0x080001b7   Thumb Code     0  startup_stm32l476xx.o(.text)
    EXTI4_IRQHandler                         0x080001b7   Thumb Code     0  startup_stm32l476xx.o(.text)
    EXTI9_5_IRQHandler                       0x080001b7   Thumb Code     0  startup_stm32l476xx.o(.text)
    FLASH_IRQHandler                         0x080001b7   Thumb Code     0  startup_stm32l476xx.o(.text)
    FMC_IRQHandler                           0x080001b7   Thumb Code     0  startup_stm32l476xx.o(.text)
    FPU_IRQHandler                           0x080001b7   Thumb Code     0  startup_stm32l476xx.o(.text)
    I2C1_ER_IRQHandler                       0x080001b7   Thumb Code     0  startup_stm32l476xx.o(.text)
    I2C1_EV_IRQHandler                       0x080001b7   Thumb Code     0  startup_stm32l476xx.o(.text)
    I2C2_ER_IRQHandler                       0x080001b7   Thumb Code     0  startup_stm32l476xx.o(.text)
    I2C2_EV_IRQHandler                       0x080001b7   Thumb Code     0  startup_stm32l476xx.o(.text)
    I2C3_ER_IRQHandler                       0x080001b7   Thumb Code     0  startup_stm32l476xx.o(.text)
    I2C3_EV_IRQHandler                       0x080001b7   Thumb Code     0  startup_stm32l476xx.o(.text)
    LCD_IRQHandler                           0x080001b7   Thumb Code     0  startup_stm32l476xx.o(.text)
    LPTIM1_IRQHandler                        0x080001b7   Thumb Code     0  startup_stm32l476xx.o(.text)
    LPTIM2_IRQHandler                        0x080001b7   Thumb Code     0  startup_stm32l476xx.o(.text)
    LPUART1_IRQHandler                       0x080001b7   Thumb Code     0  startup_stm32l476xx.o(.text)
    OTG_FS_IRQHandler                        0x080001b7   Thumb Code     0  startup_stm32l476xx.o(.text)
    PVD_PVM_IRQHandler                       0x080001b7   Thumb Code     0  startup_stm32l476xx.o(.text)
    QUADSPI_IRQHandler                       0x080001b7   Thumb Code     0  startup_stm32l476xx.o(.text)
    RCC_IRQHandler                           0x080001b7   Thumb Code     0  startup_stm32l476xx.o(.text)
    RNG_IRQHandler                           0x080001b7   Thumb Code     0  startup_stm32l476xx.o(.text)
    RTC_Alarm_IRQHandler                     0x080001b7   Thumb Code     0  startup_stm32l476xx.o(.text)
    RTC_WKUP_IRQHandler                      0x080001b7   Thumb Code     0  startup_stm32l476xx.o(.text)
    SAI1_IRQHandler                          0x080001b7   Thumb Code     0  startup_stm32l476xx.o(.text)
    SAI2_IRQHandler                          0x080001b7   Thumb Code     0  startup_stm32l476xx.o(.text)
    SDMMC1_IRQHandler                        0x080001b7   Thumb Code     0  startup_stm32l476xx.o(.text)
    SPI1_IRQHandler                          0x080001b7   Thumb Code     0  startup_stm32l476xx.o(.text)
    SPI2_IRQHandler                          0x080001b7   Thumb Code     0  startup_stm32l476xx.o(.text)
    SPI3_IRQHandler                          0x080001b7   Thumb Code     0  startup_stm32l476xx.o(.text)
    SWPMI1_IRQHandler                        0x080001b7   Thumb Code     0  startup_stm32l476xx.o(.text)
    TAMP_STAMP_IRQHandler                    0x080001b7   Thumb Code     0  startup_stm32l476xx.o(.text)
    TIM1_BRK_TIM15_IRQHandler                0x080001b7   Thumb Code     0  startup_stm32l476xx.o(.text)
    TIM1_CC_IRQHandler                       0x080001b7   Thumb Code     0  startup_stm32l476xx.o(.text)
    TIM1_TRG_COM_TIM17_IRQHandler            0x080001b7   Thumb Code     0  startup_stm32l476xx.o(.text)
    TIM1_UP_TIM16_IRQHandler                 0x080001b7   Thumb Code     0  startup_stm32l476xx.o(.text)
    TIM2_IRQHandler                          0x080001b7   Thumb Code     0  startup_stm32l476xx.o(.text)
    TIM3_IRQHandler                          0x080001b7   Thumb Code     0  startup_stm32l476xx.o(.text)
    TIM4_IRQHandler                          0x080001b7   Thumb Code     0  startup_stm32l476xx.o(.text)
    TIM5_IRQHandler                          0x080001b7   Thumb Code     0  startup_stm32l476xx.o(.text)
    TIM6_DAC_IRQHandler                      0x080001b7   Thumb Code     0  startup_stm32l476xx.o(.text)
    TIM7_IRQHandler                          0x080001b7   Thumb Code     0  startup_stm32l476xx.o(.text)
    TIM8_BRK_IRQHandler                      0x080001b7   Thumb Code     0  startup_stm32l476xx.o(.text)
    TIM8_CC_IRQHandler                       0x080001b7   Thumb Code     0  startup_stm32l476xx.o(.text)
    TIM8_TRG_COM_IRQHandler                  0x080001b7   Thumb Code     0  startup_stm32l476xx.o(.text)
    TIM8_UP_IRQHandler                       0x080001b7   Thumb Code     0  startup_stm32l476xx.o(.text)
    TSC_IRQHandler                           0x080001b7   Thumb Code     0  startup_stm32l476xx.o(.text)
    UART4_IRQHandler                         0x080001b7   Thumb Code     0  startup_stm32l476xx.o(.text)
    UART5_IRQHandler                         0x080001b7   Thumb Code     0  startup_stm32l476xx.o(.text)
    USART1_IRQHandler                        0x080001b7   Thumb Code     0  startup_stm32l476xx.o(.text)
    USART2_IRQHandler                        0x080001b7   Thumb Code     0  startup_stm32l476xx.o(.text)
    USART3_IRQHandler                        0x080001b7   Thumb Code     0  startup_stm32l476xx.o(.text)
    WWDG_IRQHandler                          0x080001b7   Thumb Code     0  startup_stm32l476xx.o(.text)
    __aeabi_uldivmod                         0x080001c1   Thumb Code    98  uldiv.o(.text)
    __aeabi_llsl                             0x08000229   Thumb Code    30  llshl.o(.text)
    _ll_shift_l                              0x08000229   Thumb Code     0  llshl.o(.text)
    __aeabi_memcpy                           0x08000247   Thumb Code    36  memcpya.o(.text)
    __aeabi_memcpy4                          0x08000247   Thumb Code     0  memcpya.o(.text)
    __aeabi_memcpy8                          0x08000247   Thumb Code     0  memcpya.o(.text)
    __aeabi_memset                           0x0800026b   Thumb Code    14  memseta.o(.text)
    __aeabi_memset4                          0x0800026b   Thumb Code     0  memseta.o(.text)
    __aeabi_memset8                          0x0800026b   Thumb Code     0  memseta.o(.text)
    __aeabi_memclr                           0x08000279   Thumb Code     4  memseta.o(.text)
    __aeabi_memclr4                          0x08000279   Thumb Code     0  memseta.o(.text)
    __aeabi_memclr8                          0x08000279   Thumb Code     0  memseta.o(.text)
    _memset$wrapper                          0x0800027d   Thumb Code    18  memseta.o(.text)
    strlen                                   0x0800028f   Thumb Code    14  strlen.o(.text)
    memcmp                                   0x0800029d   Thumb Code    26  memcmp.o(.text)
    strncmp                                  0x080002b7   Thumb Code    30  strncmp.o(.text)
    __aeabi_f2d                              0x080002d5   Thumb Code    38  f2d.o(.text)
    __aeabi_uidiv                            0x080002fb   Thumb Code     0  uidiv.o(.text)
    __aeabi_uidivmod                         0x080002fb   Thumb Code    44  uidiv.o(.text)
    __aeabi_llsr                             0x08000327   Thumb Code    32  llushr.o(.text)
    _ll_ushift_r                             0x08000327   Thumb Code     0  llushr.o(.text)
    __I$use$fp                               0x08000347   Thumb Code     0  iusefp.o(.text)
    __aeabi_dadd                             0x08000347   Thumb Code   322  dadd.o(.text)
    __aeabi_dsub                             0x08000489   Thumb Code     6  dadd.o(.text)
    __aeabi_drsub                            0x0800048f   Thumb Code     6  dadd.o(.text)
    __aeabi_dmul                             0x080004a5   Thumb Code   228  dmul.o(.text)
    __aeabi_ddiv                             0x0800058f   Thumb Code   222  ddiv.o(.text)
    __aeabi_d2ulz                            0x0800066d   Thumb Code    48  dfixul.o(.text)
    __aeabi_cdrcmple                         0x0800069d   Thumb Code    48  cdrcmple.o(.text)
    __scatterload                            0x080006cd   Thumb Code    28  init.o(.text)
    __scatterload_rt2                        0x080006cd   Thumb Code     0  init.o(.text)
    __aeabi_lasr                             0x080006f1   Thumb Code    36  llsshr.o(.text)
    _ll_sshift_r                             0x080006f1   Thumb Code     0  llsshr.o(.text)
    _double_round                            0x08000715   Thumb Code    30  depilogue.o(.text)
    _double_epilogue                         0x08000733   Thumb Code   156  depilogue.o(.text)
    __decompress                             0x080007cf   Thumb Code     0  __dczerorl2.o(.text)
    __decompress1                            0x080007cf   Thumb Code    86  __dczerorl2.o(.text)
    BusFault_Handler                         0x08000825   Thumb Code     2  stm32l4xx_it.o(i.BusFault_Handler)
    DebugMon_Handler                         0x08000861   Thumb Code     2  stm32l4xx_it.o(i.DebugMon_Handler)
    HAL_CRCEx_Polynomial_Set                 0x08000863   Thumb Code    78  stm32l4xx_hal_crc_ex.o(i.HAL_CRCEx_Polynomial_Set)
    HAL_CRC_Init                             0x080008b1   Thumb Code   112  stm32l4xx_hal_crc.o(i.HAL_CRC_Init)
    HAL_CRC_MspInit                          0x08000925   Thumb Code    30  stm32l4xx_hal_msp.o(i.HAL_CRC_MspInit)
    HAL_Delay                                0x0800094d   Thumb Code    28  stm32l4xx_hal.o(i.HAL_Delay)
    HAL_GPIO_Init                            0x08000969   Thumb Code   414  stm32l4xx_hal_gpio.o(i.HAL_GPIO_Init)
    HAL_GPIO_WritePin                        0x08000b33   Thumb Code    10  stm32l4xx_hal_gpio.o(i.HAL_GPIO_WritePin)
    HAL_GetDEVID                             0x08000b3d   Thumb Code    10  stm32l4xx_hal.o(i.HAL_GetDEVID)
    HAL_GetHalVersion                        0x08000b4d   Thumb Code     4  stm32l4xx_hal.o(i.HAL_GetHalVersion)
    HAL_GetREVID                             0x08000b55   Thumb Code     8  stm32l4xx_hal.o(i.HAL_GetREVID)
    HAL_GetTick                              0x08000b61   Thumb Code     6  stm32l4xx_hal.o(i.HAL_GetTick)
    HAL_IncTick                              0x08000b6d   Thumb Code    10  stm32l4xx_hal.o(i.HAL_IncTick)
    HAL_Init                                 0x08000b7d   Thumb Code    40  stm32l4xx_hal.o(i.HAL_Init)
    HAL_InitTick                             0x08000ba9   Thumb Code    42  stm32l4xx_hal.o(i.HAL_InitTick)
    HAL_MspInit                              0x08000bd9   Thumb Code    38  stm32l4xx_hal_msp.o(i.HAL_MspInit)
    HAL_NVIC_SetPriority                     0x08000c05   Thumb Code    60  stm32l4xx_hal_cortex.o(i.HAL_NVIC_SetPriority)
    HAL_NVIC_SetPriorityGrouping             0x08000c45   Thumb Code    26  stm32l4xx_hal_cortex.o(i.HAL_NVIC_SetPriorityGrouping)
    HAL_PWREx_ControlVoltageScaling          0x08000c69   Thumb Code    90  stm32l4xx_hal_pwr_ex.o(i.HAL_PWREx_ControlVoltageScaling)
    HAL_PWREx_GetVoltageRange                0x08000cd1   Thumb Code    10  stm32l4xx_hal_pwr_ex.o(i.HAL_PWREx_GetVoltageRange)
    HAL_RCCEx_PeriphCLKConfig                0x08000ce1   Thumb Code   928  stm32l4xx_hal_rcc_ex.o(i.HAL_RCCEx_PeriphCLKConfig)
    HAL_RCC_ClockConfig                      0x08001091   Thumb Code   264  stm32l4xx_hal_rcc.o(i.HAL_RCC_ClockConfig)
    HAL_RCC_GetHCLKFreq                      0x080011a9   Thumb Code     6  stm32l4xx_hal_rcc.o(i.HAL_RCC_GetHCLKFreq)
    HAL_RCC_GetPCLK1Freq                     0x080011b5   Thumb Code    24  stm32l4xx_hal_rcc.o(i.HAL_RCC_GetPCLK1Freq)
    HAL_RCC_GetPCLK2Freq                     0x080011d9   Thumb Code    24  stm32l4xx_hal_rcc.o(i.HAL_RCC_GetPCLK2Freq)
    HAL_RCC_GetSysClockFreq                  0x080011fd   Thumb Code   152  stm32l4xx_hal_rcc.o(i.HAL_RCC_GetSysClockFreq)
    HAL_RCC_OscConfig                        0x080012a1   Thumb Code  1118  stm32l4xx_hal_rcc.o(i.HAL_RCC_OscConfig)
    HAL_SYSTICK_Config                       0x08001705   Thumb Code    40  stm32l4xx_hal_cortex.o(i.HAL_SYSTICK_Config)
    HAL_UART_Init                            0x0800172d   Thumb Code   106  stm32l4xx_hal_uart.o(i.HAL_UART_Init)
    HAL_UART_MspInit                         0x08001799   Thumb Code    88  stm32l4xx_hal_msp.o(i.HAL_UART_MspInit)
    HAL_UART_Transmit                        0x080017fd   Thumb Code   176  stm32l4xx_hal_uart.o(i.HAL_UART_Transmit)
    HardFault_Handler                        0x080018ad   Thumb Code     2  stm32l4xx_it.o(i.HardFault_Handler)
    MX_USART2_UART_Init                      0x08001b81   Thumb Code    36  main.o(i.MX_USART2_UART_Init)
    MX_X_CUBE_AI_Init                        0x08001bad   Thumb Code    14  app_x-cube-ai.o(i.MX_X_CUBE_AI_Init)
    MX_X_CUBE_AI_Process                     0x08001bbb   Thumb Code     4  app_x-cube-ai.o(i.MX_X_CUBE_AI_Process)
    MemManage_Handler                        0x08001bbf   Thumb Code     2  stm32l4xx_it.o(i.MemManage_Handler)
    NMI_Handler                              0x08001bc1   Thumb Code     2  stm32l4xx_it.o(i.NMI_Handler)
    PendSV_Handler                           0x08001be3   Thumb Code     2  stm32l4xx_it.o(i.PendSV_Handler)
    SVC_Handler                              0x08001e95   Thumb Code     2  stm32l4xx_it.o(i.SVC_Handler)
    SysTick_Handler                          0x08001e97   Thumb Code     4  stm32l4xx_it.o(i.SysTick_Handler)
    SystemClock_Config                       0x08001e9b   Thumb Code   110  main.o(i.SystemClock_Config)
    SystemInit                               0x08001f09   Thumb Code    56  system_stm32l4xx.o(i.SystemInit)
    UART_AdvFeatureConfig                    0x08001f4d   Thumb Code   200  stm32l4xx_hal_uart.o(i.UART_AdvFeatureConfig)
    UART_CheckIdleState                      0x08002015   Thumb Code    92  stm32l4xx_hal_uart.o(i.UART_CheckIdleState)
    UART_SetConfig                           0x08002071   Thumb Code   622  stm32l4xx_hal_uart.o(i.UART_SetConfig)
    UART_WaitOnFlagUntilTimeout              0x08002311   Thumb Code   100  stm32l4xx_hal_uart.o(i.UART_WaitOnFlagUntilTimeout)
    UsageFault_Handler                       0x08002375   Thumb Code     2  stm32l4xx_it.o(i.UsageFault_Handler)
    __0printf                                0x08002379   Thumb Code    22  printfa.o(i.__0printf)
    __1printf                                0x08002379   Thumb Code     0  printfa.o(i.__0printf)
    __2printf                                0x08002379   Thumb Code     0  printfa.o(i.__0printf)
    __c89printf                              0x08002379   Thumb Code     0  printfa.o(i.__0printf)
    printf                                   0x08002379   Thumb Code     0  printfa.o(i.__0printf)
    __ARM_fpclassifyf                        0x08002399   Thumb Code    38  fpclassifyf.o(i.__ARM_fpclassifyf)
    __hardfp_expf                            0x080023c1   Thumb Code   426  expf.o(i.__hardfp_expf)
    __mathlib_expf                           0x080023c1   Thumb Code     0  expf.o(i.__hardfp_expf)
    __mathlib_flt_infnan                     0x080025a9   Thumb Code     6  funder.o(i.__mathlib_flt_infnan)
    __mathlib_flt_overflow                   0x080025b1   Thumb Code    10  funder.o(i.__mathlib_flt_overflow)
    __mathlib_flt_underflow                  0x080025c1   Thumb Code    10  funder.o(i.__mathlib_flt_underflow)
    __scatterload_copy                       0x080025d1   Thumb Code    14  handlers.o(i.__scatterload_copy)
    __scatterload_null                       0x080025df   Thumb Code     2  handlers.o(i.__scatterload_null)
    __scatterload_zeroinit                   0x080025e1   Thumb Code    14  handlers.o(i.__scatterload_zeroinit)
    __set_errno                              0x080025f1   Thumb Code     6  errno.o(i.__set_errno)
    aiBufferSize                             0x0800302d   Thumb Code    12  aitestutility.o(i.aiBufferSize)
    aiLogErr                                 0x080030dd   Thumb Code    24  aitestutility.o(i.aiLogErr)
    aiPredictationInit                       0x0800313d   Thumb Code    68  aipredictation.o(i.aiPredictationInit)
    aiPredictationProcess                    0x080031fd   Thumb Code   722  aipredictation.o(i.aiPredictationProcess)
    aiPrintNetworkInfo                       0x0800382d   Thumb Code   162  aitestutility.o(i.aiPrintNetworkInfo)
    ai_check_custom_types                    0x08003ad9   Thumb Code    38  layers.o(i.ai_check_custom_types)
    ai_dict4_dot_array_f32                   0x08003ed1   Thumb Code   106  layers_conv2d_generic_float.o(i.ai_dict4_dot_array_f32)
    ai_dict8_dot_array_f32                   0x08003f41   Thumb Code   242  layers_conv2d_generic_float.o(i.ai_dict8_dot_array_f32)
    ai_layers_forward_all                    0x0800404b   Thumb Code    24  layers.o(i.ai_layers_forward_all)
    ai_math_dot_array                        0x08004065   Thumb Code    48  ai_math_helpers.o(i.ai_math_dot_array)
    ai_mnetwork_create                       0x080040a5   Thumb Code    88  app_x-cube-ai.o(i.ai_mnetwork_create)
    ai_mnetwork_destroy                      0x08004101   Thumb Code    42  app_x-cube-ai.o(i.ai_mnetwork_destroy)
    ai_mnetwork_find                         0x08004131   Thumb Code    24  app_x-cube-ai.o(i.ai_mnetwork_find)
    ai_mnetwork_get_error                    0x0800414d   Thumb Code    40  app_x-cube-ai.o(i.ai_mnetwork_get_error)
    ai_mnetwork_get_info                     0x08004175   Thumb Code    28  app_x-cube-ai.o(i.ai_mnetwork_get_info)
    ai_mnetwork_init                         0x080041ad   Thumb Code    90  app_x-cube-ai.o(i.ai_mnetwork_init)
    ai_mnetwork_run                          0x0800423b   Thumb Code    34  app_x-cube-ai.o(i.ai_mnetwork_run)
    ai_network_create                        0x0800425d   Thumb Code    20  network.o(i.ai_network_create)
    ai_network_data_weights_get              0x08004275   Thumb Code     4  network_data.o(i.ai_network_data_weights_get)
    ai_network_destroy                       0x0800427d   Thumb Code     4  network.o(i.ai_network_destroy)
    ai_network_forward                       0x08004281   Thumb Code     6  network.o(i.ai_network_forward)
    ai_network_get_error                     0x08004287   Thumb Code     4  network.o(i.ai_network_get_error)
    ai_network_get_info                      0x0800428d   Thumb Code   132  network.o(i.ai_network_get_info)
    ai_network_init                          0x08004315   Thumb Code    34  network.o(i.ai_network_init)
    ai_network_run                           0x08004337   Thumb Code     4  network.o(i.ai_network_run)
    ai_platform_api_get_version              0x0800433d   Thumb Code    14  ai_platform_interface.o(i.ai_platform_api_get_version)
    ai_platform_context_acquire              0x08004351   Thumb Code    24  ai_platform_interface.o(i.ai_platform_context_acquire)
    ai_platform_interface_api_get_version    0x0800436d   Thumb Code    14  ai_platform_interface.o(i.ai_platform_interface_api_get_version)
    ai_platform_network_create               0x08004381   Thumb Code    96  ai_platform_interface.o(i.ai_platform_network_create)
    ai_platform_network_destroy              0x080043f1   Thumb Code    18  ai_platform_interface.o(i.ai_platform_network_destroy)
    ai_platform_network_get_error            0x08004405   Thumb Code    24  ai_platform_interface.o(i.ai_platform_network_get_error)
    ai_platform_network_init                 0x08004421   Thumb Code    94  ai_platform_interface.o(i.ai_platform_network_init)
    ai_platform_network_process              0x08004481   Thumb Code   202  ai_platform_interface.o(i.ai_platform_network_process)
    ai_platform_network_set_error            0x0800455f   Thumb Code    12  ai_platform_interface.o(i.ai_platform_network_set_error)
    ai_platform_runtime_get_revision         0x0800456d   Thumb Code    10  ai_platform_interface.o(i.ai_platform_runtime_get_revision)
    ai_platform_runtime_get_version          0x0800457d   Thumb Code    14  ai_platform_interface.o(i.ai_platform_runtime_get_version)
    arm_dot_prod_f32                         0x080045a9   Thumb Code   100  arm_dot_prod_f32.o(i.arm_dot_prod_f32)
    core_get_error                           0x08004611   Thumb Code    12  core_common.o(i.core_get_error)
    core_init                                0x0800461d   Thumb Code     4  core_common.o(i.core_init)
    core_set_error                           0x08004621   Thumb Code    26  core_common.o(i.core_set_error)
    decode_activity_type                     0x0800463d   Thumb Code    48  aipredictation.o(i.decode_activity_type)
    forward_conv2d_nl_pool                   0x0800477d   Thumb Code   560  layers_conv2d_generic_float.o(i.forward_conv2d_nl_pool)
    forward_dense                            0x080049b9   Thumb Code   276  layers_conv2d_generic_float.o(i.forward_dense)
    forward_relu                             0x08004ad7   Thumb Code    38  layers_nl_generic_float.o(i.forward_relu)
    forward_sm                               0x08004afd   Thumb Code    44  layers_nl_generic_float.o(i.forward_sm)
    fputc                                    0x08004b29   Thumb Code    26  aitestutility.o(i.fputc)
    logDeviceConf                            0x08004b51   Thumb Code   194  aitestutility.o(i.logDeviceConf)
    main                                     0x08004cfd   Thumb Code    56  main.o(i.main)
    nl_func_relu_array_f32                   0x08004e59   Thumb Code    42  layers_nl_generic_float.o(i.nl_func_relu_array_f32)
    nl_func_sm_array_f32                     0x08004e89   Thumb Code    46  layers_nl_generic_float.o(i.nl_func_sm_array_f32)
    nl_func_sm_channel_f32                   0x08004eb9   Thumb Code   138  layers_nl_generic_float.o(i.nl_func_sm_channel_f32)
    pool_func_mp_array_f32                   0x08004f49   Thumb Code    62  layers_pool_generic_float.o(i.pool_func_mp_array_f32)
    AHBPrescTable                            0x08004fd0   Data          16  system_stm32l4xx.o(.constdata)
    MSIRangeTable                            0x08004fe0   Data          48  system_stm32l4xx.o(.constdata)
    APBPrescTable                            0x08005010   Data           8  system_stm32l4xx.o(.constdata)
    input_test_up                            0x08005018   Data        1080  aipredictation.o(.constdata)
    input_test_walking                       0x08005450   Data        1080  aipredictation.o(.constdata)
    input_test_jogging                       0x08005888   Data        1080  aipredictation.o(.constdata)
    Region$$Table$$Base                      0x080c7c8c   Number         0  anon$$obj.o(Region$$Table)
    Region$$Table$$Limit                     0x080c7cac   Number         0  anon$$obj.o(Region$$Table)
    SystemCoreClock                          0x20000000   Data           4  system_stm32l4xx.o(.data)
    uwTick                                   0x20000004   Data           4  stm32l4xx_hal.o(.data)
    _ioWriteAllowed                          0x20000008   Data           1  aitestutility.o(.data)
    __stdout                                 0x200005ec   Data           4  stdout.o(.data)
    hcrc                                     0x200005f4   Data          36  main.o(.bss)
    huart2                                   0x20000618   Data         120  main.o(.bss)
    __initial_sp                             0x2000c200   Data           0  startup_stm32l476xx.o(STACK)



==============================================================================

Memory Map of the image

  Image Entry point : 0x08000189

  Load Region LR_IROM1 (Base: 0x08000000, Size: 0x000c82a0, Max: 0x00100000, ABSOLUTE, COMPRESSED[0x000c7e9c])

    Execution Region ER_IROM1 (Exec base: 0x08000000, Load base: 0x08000000, Size: 0x000c7cac, Max: 0x00100000, ABSOLUTE)

    Exec Addr    Load Addr    Size         Type   Attr      Idx    E Section Name        Object

    0x08000000   0x08000000   0x00000188   Data   RO            3    RESET               startup_stm32l476xx.o
    0x08000188   0x08000188   0x00000000   Code   RO         4371  * .ARM.Collect$$$$00000000  mc_w.l(entry.o)
    0x08000188   0x08000188   0x00000004   Code   RO         4671    .ARM.Collect$$$$00000001  mc_w.l(entry2.o)
    0x0800018c   0x0800018c   0x00000004   Code   RO         4674    .ARM.Collect$$$$00000004  mc_w.l(entry5.o)
    0x08000190   0x08000190   0x00000000   Code   RO         4676    .ARM.Collect$$$$00000008  mc_w.l(entry7b.o)
    0x08000190   0x08000190   0x00000000   Code   RO         4678    .ARM.Collect$$$$0000000A  mc_w.l(entry8b.o)
    0x08000190   0x08000190   0x00000008   Code   RO         4679    .ARM.Collect$$$$0000000B  mc_w.l(entry9a.o)
    0x08000198   0x08000198   0x00000000   Code   RO         4681    .ARM.Collect$$$$0000000D  mc_w.l(entry10a.o)
    0x08000198   0x08000198   0x00000000   Code   RO         4683    .ARM.Collect$$$$0000000F  mc_w.l(entry11a.o)
    0x08000198   0x08000198   0x00000004   Code   RO         4672    .ARM.Collect$$$$00002712  mc_w.l(entry2.o)
    0x0800019c   0x0800019c   0x00000024   Code   RO            4    .text               startup_stm32l476xx.o
    0x080001c0   0x080001c0   0x00000068   Code   RO         4374    .text               mc_w.l(uldiv.o)
    0x08000228   0x08000228   0x0000001e   Code   RO         4376    .text               mc_w.l(llshl.o)
    0x08000246   0x08000246   0x00000024   Code   RO         4378    .text               mc_w.l(memcpya.o)
    0x0800026a   0x0800026a   0x00000024   Code   RO         4380    .text               mc_w.l(memseta.o)
    0x0800028e   0x0800028e   0x0000000e   Code   RO         4382    .text               mc_w.l(strlen.o)
    0x0800029c   0x0800029c   0x0000001a   Code   RO         4384    .text               mc_w.l(memcmp.o)
    0x080002b6   0x080002b6   0x0000001e   Code   RO         4386    .text               mc_w.l(strncmp.o)
    0x080002d4   0x080002d4   0x00000026   Code   RO         4653    .text               mf_w.l(f2d.o)
    0x080002fa   0x080002fa   0x0000002c   Code   RO         4686    .text               mc_w.l(uidiv.o)
    0x08000326   0x08000326   0x00000020   Code   RO         4688    .text               mc_w.l(llushr.o)
    0x08000346   0x08000346   0x00000000   Code   RO         4697    .text               mc_w.l(iusefp.o)
    0x08000346   0x08000346   0x0000015e   Code   RO         4700    .text               mf_w.l(dadd.o)
    0x080004a4   0x080004a4   0x000000ea   Code   RO         4702    .text               mf_w.l(dmul.o)
    0x0800058e   0x0800058e   0x000000de   Code   RO         4704    .text               mf_w.l(ddiv.o)
    0x0800066c   0x0800066c   0x00000030   Code   RO         4706    .text               mf_w.l(dfixul.o)
    0x0800069c   0x0800069c   0x00000030   Code   RO         4708    .text               mf_w.l(cdrcmple.o)
    0x080006cc   0x080006cc   0x00000024   Code   RO         4712    .text               mc_w.l(init.o)
    0x080006f0   0x080006f0   0x00000024   Code   RO         4714    .text               mc_w.l(llsshr.o)
    0x08000714   0x08000714   0x000000ba   Code   RO         4716    .text               mf_w.l(depilogue.o)
    0x080007ce   0x080007ce   0x00000056   Code   RO         4726    .text               mc_w.l(__dczerorl2.o)
    0x08000824   0x08000824   0x00000002   Code   RO          303    i.BusFault_Handler  stm32l4xx_it.o
    0x08000826   0x08000826   0x00000002   PAD
    0x08000828   0x08000828   0x00000038   Code   RO         4178    i.CRC_Lock          network_runtime.lib(ai_platform_interface.o)
    0x08000860   0x08000860   0x00000002   Code   RO          304    i.DebugMon_Handler  stm32l4xx_it.o
    0x08000862   0x08000862   0x0000004e   Code   RO          570    i.HAL_CRCEx_Polynomial_Set  stm32l4xx_hal_crc_ex.o
    0x080008b0   0x080008b0   0x00000074   Code   RO          504    i.HAL_CRC_Init      stm32l4xx_hal_crc.o
    0x08000924   0x08000924   0x00000028   Code   RO          379    i.HAL_CRC_MspInit   stm32l4xx_hal_msp.o
    0x0800094c   0x0800094c   0x0000001c   Code   RO         1069    i.HAL_Delay         stm32l4xx_hal.o
    0x08000968   0x08000968   0x000001ca   Code   RO         2248    i.HAL_GPIO_Init     stm32l4xx_hal_gpio.o
    0x08000b32   0x08000b32   0x0000000a   Code   RO         2252    i.HAL_GPIO_WritePin  stm32l4xx_hal_gpio.o
    0x08000b3c   0x08000b3c   0x00000010   Code   RO         1070    i.HAL_GetDEVID      stm32l4xx_hal.o
    0x08000b4c   0x08000b4c   0x00000008   Code   RO         1071    i.HAL_GetHalVersion  stm32l4xx_hal.o
    0x08000b54   0x08000b54   0x0000000c   Code   RO         1072    i.HAL_GetREVID      stm32l4xx_hal.o
    0x08000b60   0x08000b60   0x0000000c   Code   RO         1073    i.HAL_GetTick       stm32l4xx_hal.o
    0x08000b6c   0x08000b6c   0x00000010   Code   RO         1077    i.HAL_IncTick       stm32l4xx_hal.o
    0x08000b7c   0x08000b7c   0x0000002c   Code   RO         1078    i.HAL_Init          stm32l4xx_hal.o
    0x08000ba8   0x08000ba8   0x00000030   Code   RO         1079    i.HAL_InitTick      stm32l4xx_hal.o
    0x08000bd8   0x08000bd8   0x0000002c   Code   RO          380    i.HAL_MspInit       stm32l4xx_hal_msp.o
    0x08000c04   0x08000c04   0x00000040   Code   RO         2795    i.HAL_NVIC_SetPriority  stm32l4xx_hal_cortex.o
    0x08000c44   0x08000c44   0x00000024   Code   RO         2796    i.HAL_NVIC_SetPriorityGrouping  stm32l4xx_hal_cortex.o
    0x08000c68   0x08000c68   0x00000068   Code   RO         2539    i.HAL_PWREx_ControlVoltageScaling  stm32l4xx_hal_pwr_ex.o
    0x08000cd0   0x08000cd0   0x00000010   Code   RO         2570    i.HAL_PWREx_GetVoltageRange  stm32l4xx_hal_pwr_ex.o
    0x08000ce0   0x08000ce0   0x000003ae   Code   RO         1905    i.HAL_RCCEx_PeriphCLKConfig  stm32l4xx_hal_rcc_ex.o
    0x0800108e   0x0800108e   0x00000002   PAD
    0x08001090   0x08001090   0x00000118   Code   RO         1790    i.HAL_RCC_ClockConfig  stm32l4xx_hal_rcc.o
    0x080011a8   0x080011a8   0x0000000c   Code   RO         1794    i.HAL_RCC_GetHCLKFreq  stm32l4xx_hal_rcc.o
    0x080011b4   0x080011b4   0x00000024   Code   RO         1796    i.HAL_RCC_GetPCLK1Freq  stm32l4xx_hal_rcc.o
    0x080011d8   0x080011d8   0x00000024   Code   RO         1797    i.HAL_RCC_GetPCLK2Freq  stm32l4xx_hal_rcc.o
    0x080011fc   0x080011fc   0x000000a4   Code   RO         1798    i.HAL_RCC_GetSysClockFreq  stm32l4xx_hal_rcc.o
    0x080012a0   0x080012a0   0x00000464   Code   RO         1801    i.HAL_RCC_OscConfig  stm32l4xx_hal_rcc.o
    0x08001704   0x08001704   0x00000028   Code   RO         2800    i.HAL_SYSTICK_Config  stm32l4xx_hal_cortex.o
    0x0800172c   0x0800172c   0x0000006a   Code   RO          666    i.HAL_UART_Init     stm32l4xx_hal_uart.o
    0x08001796   0x08001796   0x00000002   PAD
    0x08001798   0x08001798   0x00000064   Code   RO          382    i.HAL_UART_MspInit  stm32l4xx_hal_msp.o
    0x080017fc   0x080017fc   0x000000b0   Code   RO          674    i.HAL_UART_Transmit  stm32l4xx_hal_uart.o
    0x080018ac   0x080018ac   0x00000002   Code   RO          305    i.HardFault_Handler  stm32l4xx_it.o
    0x080018ae   0x080018ae   0x00000002   PAD
    0x080018b0   0x080018b0   0x000002ce   Code   RO           14    i.MX_GPIO_Init      main.o
    0x08001b7e   0x08001b7e   0x00000002   PAD
    0x08001b80   0x08001b80   0x0000002c   Code   RO           15    i.MX_USART2_UART_Init  main.o
    0x08001bac   0x08001bac   0x0000000e   Code   RO          187    i.MX_X_CUBE_AI_Init  app_x-cube-ai.o
    0x08001bba   0x08001bba   0x00000004   Code   RO          188    i.MX_X_CUBE_AI_Process  app_x-cube-ai.o
    0x08001bbe   0x08001bbe   0x00000002   Code   RO          306    i.MemManage_Handler  stm32l4xx_it.o
    0x08001bc0   0x08001bc0   0x00000002   Code   RO          307    i.NMI_Handler       stm32l4xx_it.o
    0x08001bc2   0x08001bc2   0x00000020   Code   RO         2802    i.NVIC_SetPriority  stm32l4xx_hal_cortex.o
    0x08001be2   0x08001be2   0x00000002   Code   RO          308    i.PendSV_Handler    stm32l4xx_it.o
    0x08001be4   0x08001be4   0x0000012c   Code   RO         1909    i.RCCEx_PLLSAI1_Config  stm32l4xx_hal_rcc_ex.o
    0x08001d10   0x08001d10   0x00000108   Code   RO         1910    i.RCCEx_PLLSAI2_Config  stm32l4xx_hal_rcc_ex.o
    0x08001e18   0x08001e18   0x0000007c   Code   RO         1802    i.RCC_SetFlashLatencyFromMSIRange  stm32l4xx_hal_rcc.o
    0x08001e94   0x08001e94   0x00000002   Code   RO          309    i.SVC_Handler       stm32l4xx_it.o
    0x08001e96   0x08001e96   0x00000004   Code   RO          310    i.SysTick_Handler   stm32l4xx_it.o
    0x08001e9a   0x08001e9a   0x0000006e   Code   RO           16    i.SystemClock_Config  main.o
    0x08001f08   0x08001f08   0x00000044   Code   RO          427    i.SystemInit        system_stm32l4xx.o
    0x08001f4c   0x08001f4c   0x000000c8   Code   RO          679    i.UART_AdvFeatureConfig  stm32l4xx_hal_uart.o
    0x08002014   0x08002014   0x0000005c   Code   RO          680    i.UART_CheckIdleState  stm32l4xx_hal_uart.o
    0x08002070   0x08002070   0x000002a0   Code   RO          695    i.UART_SetConfig    stm32l4xx_hal_uart.o
    0x08002310   0x08002310   0x00000064   Code   RO          698    i.UART_WaitOnFlagUntilTimeout  stm32l4xx_hal_uart.o
    0x08002374   0x08002374   0x00000002   Code   RO          311    i.UsageFault_Handler  stm32l4xx_it.o
    0x08002376   0x08002376   0x00000002   PAD
    0x08002378   0x08002378   0x00000020   Code   RO         4623    i.__0printf         mc_w.l(printfa.o)
    0x08002398   0x08002398   0x00000026   Code   RO         4655    i.__ARM_fpclassifyf  m_wm.l(fpclassifyf.o)
    0x080023be   0x080023be   0x00000002   PAD
    0x080023c0   0x080023c0   0x000001e8   Code   RO         4331    i.__hardfp_expf     m_wm.l(expf.o)
    0x080025a8   0x080025a8   0x00000006   Code   RO         4658    i.__mathlib_flt_infnan  m_wm.l(funder.o)
    0x080025ae   0x080025ae   0x00000002   PAD
    0x080025b0   0x080025b0   0x00000010   Code   RO         4661    i.__mathlib_flt_overflow  m_wm.l(funder.o)
    0x080025c0   0x080025c0   0x00000010   Code   RO         4663    i.__mathlib_flt_underflow  m_wm.l(funder.o)
    0x080025d0   0x080025d0   0x0000000e   Code   RO         4720    i.__scatterload_copy  mc_w.l(handlers.o)
    0x080025de   0x080025de   0x00000002   Code   RO         4721    i.__scatterload_null  mc_w.l(handlers.o)
    0x080025e0   0x080025e0   0x0000000e   Code   RO         4722    i.__scatterload_zeroinit  mc_w.l(handlers.o)
    0x080025ee   0x080025ee   0x00000002   PAD
    0x080025f0   0x080025f0   0x0000000c   Code   RO         4692    i.__set_errno       mc_w.l(errno.o)
    0x080025fc   0x080025fc   0x0000018a   Code   RO         4630    i._fp_digits        mc_w.l(printfa.o)
    0x08002786   0x08002786   0x00000050   Code   RO         4179    i._platform_network_io_check  network_runtime.lib(ai_platform_interface.o)
    0x080027d6   0x080027d6   0x00000002   PAD
    0x080027d8   0x080027d8   0x000006e2   Code   RO         4631    i._printf_core      mc_w.l(printfa.o)
    0x08002eba   0x08002eba   0x00000024   Code   RO         4632    i._printf_post_padding  mc_w.l(printfa.o)
    0x08002ede   0x08002ede   0x0000002e   Code   RO         4633    i._printf_pre_padding  mc_w.l(printfa.o)
    0x08002f0c   0x08002f0c   0x00000120   Code   RO         2919    i.aiBootstrap       aipredictation.o
    0x0800302c   0x0800302c   0x0000000c   Code   RO         3213    i.aiBufferSize      aitestutility.o
    0x08003038   0x08003038   0x000000a4   Code   RO         2921    i.aiInit            aipredictation.o
    0x080030dc   0x080030dc   0x00000060   Code   RO         3214    i.aiLogErr          aitestutility.o
    0x0800313c   0x0800313c   0x000000c0   Code   RO         2923    i.aiPredictationInit  aipredictation.o
    0x080031fc   0x080031fc   0x00000544   Code   RO         2924    i.aiPredictationProcess  aipredictation.o
    0x08003740   0x08003740   0x000000ec   Code   RO         3215    i.aiPrintLayoutBuffer  aitestutility.o
    0x0800382c   0x0800382c   0x0000026c   Code   RO         3216    i.aiPrintNetworkInfo  aitestutility.o
    0x08003a98   0x08003a98   0x0000003e   Code   RO         4180    i.ai_array_get_byte_size  network_runtime.lib(ai_platform_interface.o)
    0x08003ad6   0x08003ad6   0x00000002   PAD
    0x08003ad8   0x08003ad8   0x0000002c   Code   RO         4313    i.ai_check_custom_types  network_runtime.lib(layers.o)
    0x08003b04   0x08003b04   0x0000011a   Code   RO         4215    i.ai_conv2d_kernel_depthwise_f32  network_runtime.lib(layers_conv2d_generic_float.o)
    0x08003c1e   0x08003c1e   0x000000a0   Code   RO         4216    i.ai_conv2d_kernel_f32  network_runtime.lib(layers_conv2d_generic_float.o)
    0x08003cbe   0x08003cbe   0x00000002   PAD
    0x08003cc0   0x08003cc0   0x00000106   Code   RO         4217    i.ai_conv2d_kernel_group_f32  network_runtime.lib(layers_conv2d_generic_float.o)
    0x08003dc6   0x08003dc6   0x00000002   PAD
    0x08003dc8   0x08003dc8   0x00000102   Code   RO         4218    i.ai_conv2d_kernel_simple_f32  network_runtime.lib(layers_conv2d_generic_float.o)
    0x08003eca   0x08003eca   0x00000002   Code   RO         4181    i.ai_copy_buffer_fake_dst  network_runtime.lib(ai_platform_interface.o)
    0x08003ecc   0x08003ecc   0x00000004   Code   RO         4182    i.ai_copy_buffer_fake_src  network_runtime.lib(ai_platform_interface.o)
    0x08003ed0   0x08003ed0   0x00000070   Code   RO         4219    i.ai_dict4_dot_array_f32  network_runtime.lib(layers_conv2d_generic_float.o)
    0x08003f40   0x08003f40   0x000000f8   Code   RO         4220    i.ai_dict8_dot_array_f32  network_runtime.lib(layers_conv2d_generic_float.o)
    0x08004038   0x08004038   0x00000012   Code   RO         4314    i.ai_forward_layer  network_runtime.lib(layers.o)
    0x0800404a   0x0800404a   0x00000018   Code   RO         4317    i.ai_layers_forward_all  network_runtime.lib(layers.o)
    0x08004062   0x08004062   0x00000002   PAD
    0x08004064   0x08004064   0x00000034   Code   RO         4290    i.ai_math_dot_array  network_runtime.lib(ai_math_helpers.o)
    0x08004098   0x08004098   0x0000000c   Code   RO         4183    i.ai_mem_copy_buffer  network_runtime.lib(ai_platform_interface.o)
    0x080040a4   0x080040a4   0x0000005c   Code   RO          189    i.ai_mnetwork_create  app_x-cube-ai.o
    0x08004100   0x08004100   0x00000030   Code   RO          190    i.ai_mnetwork_destroy  app_x-cube-ai.o
    0x08004130   0x08004130   0x0000001c   Code   RO          191    i.ai_mnetwork_find  app_x-cube-ai.o
    0x0800414c   0x0800414c   0x00000028   Code   RO          193    i.ai_mnetwork_get_error  app_x-cube-ai.o
    0x08004174   0x08004174   0x0000001c   Code   RO          194    i.ai_mnetwork_get_info  app_x-cube-ai.o
    0x08004190   0x08004190   0x0000001c   Code   RO          196    i.ai_mnetwork_handle  app_x-cube-ai.o
    0x080041ac   0x080041ac   0x0000005a   Code   RO          197    i.ai_mnetwork_init  app_x-cube-ai.o
    0x08004206   0x08004206   0x00000034   Code   RO          198    i.ai_mnetwork_is_valid  app_x-cube-ai.o
    0x0800423a   0x0800423a   0x00000022   Code   RO          199    i.ai_mnetwork_run   app_x-cube-ai.o
    0x0800425c   0x0800425c   0x00000018   Code   RO         4050    i.ai_network_create  network.o
    0x08004274   0x08004274   0x00000008   Code   RO         3854    i.ai_network_data_weights_get  network_data.o
    0x0800427c   0x0800427c   0x00000004   Code   RO         4051    i.ai_network_destroy  network.o
    0x08004280   0x08004280   0x00000006   Code   RO         4052    i.ai_network_forward  network.o
    0x08004286   0x08004286   0x00000004   Code   RO         4053    i.ai_network_get_error  network.o
    0x0800428a   0x0800428a   0x00000002   PAD
    0x0800428c   0x0800428c   0x00000088   Code   RO         4054    i.ai_network_get_info  network.o
    0x08004314   0x08004314   0x00000022   Code   RO         4055    i.ai_network_init   network.o
    0x08004336   0x08004336   0x00000004   Code   RO         4056    i.ai_network_run    network.o
    0x0800433a   0x0800433a   0x00000002   PAD
    0x0800433c   0x0800433c   0x00000014   Code   RO         4184    i.ai_platform_api_get_version  network_runtime.lib(ai_platform_interface.o)
    0x08004350   0x08004350   0x0000001c   Code   RO         4185    i.ai_platform_context_acquire  network_runtime.lib(ai_platform_interface.o)
    0x0800436c   0x0800436c   0x00000014   Code   RO         4187    i.ai_platform_interface_api_get_version  network_runtime.lib(ai_platform_interface.o)
    0x08004380   0x08004380   0x00000070   Code   RO         4188    i.ai_platform_network_create  network_runtime.lib(ai_platform_interface.o)
    0x080043f0   0x080043f0   0x00000012   Code   RO         4189    i.ai_platform_network_destroy  network_runtime.lib(ai_platform_interface.o)
    0x08004402   0x08004402   0x00000002   PAD
    0x08004404   0x08004404   0x0000001c   Code   RO         4190    i.ai_platform_network_get_error  network_runtime.lib(ai_platform_interface.o)
    0x08004420   0x08004420   0x0000005e   Code   RO         4191    i.ai_platform_network_init  network_runtime.lib(ai_platform_interface.o)
    0x0800447e   0x0800447e   0x00000002   PAD
    0x08004480   0x08004480   0x000000de   Code   RO         4192    i.ai_platform_network_process  network_runtime.lib(ai_platform_interface.o)
    0x0800455e   0x0800455e   0x0000000c   Code   RO         4193    i.ai_platform_network_set_error  network_runtime.lib(ai_platform_interface.o)
    0x0800456a   0x0800456a   0x00000002   PAD
    0x0800456c   0x0800456c   0x00000010   Code   RO         4194    i.ai_platform_runtime_get_revision  network_runtime.lib(ai_platform_interface.o)
    0x0800457c   0x0800457c   0x00000014   Code   RO         4195    i.ai_platform_runtime_get_version  network_runtime.lib(ai_platform_interface.o)
    0x08004590   0x08004590   0x00000016   Code   RO         4239    i.ai_shape_get_size  network_runtime.lib(layers_nl_generic_float.o)
    0x080045a6   0x080045a6   0x00000002   PAD
    0x080045a8   0x080045a8   0x00000068   Code   RO          464    i.arm_dot_prod_f32  arm_dot_prod_f32.o
    0x08004610   0x08004610   0x0000000c   Code   RO         4325    i.core_get_error    network_runtime.lib(core_common.o)
    0x0800461c   0x0800461c   0x00000004   Code   RO         4326    i.core_init         network_runtime.lib(core_common.o)
    0x08004620   0x08004620   0x0000001a   Code   RO         4327    i.core_set_error    network_runtime.lib(core_common.o)
    0x0800463a   0x0800463a   0x00000002   PAD
    0x0800463c   0x0800463c   0x00000034   Code   RO         2925    i.decode_activity_type  aipredictation.o
    0x08004670   0x08004670   0x0000010c   Code   RO         3219    i.devIdToStr        aitestutility.o
    0x0800477c   0x0800477c   0x0000023a   Code   RO         4223    i.forward_conv2d_nl_pool  network_runtime.lib(layers_conv2d_generic_float.o)
    0x080049b6   0x080049b6   0x00000002   PAD
    0x080049b8   0x080049b8   0x0000011e   Code   RO         4224    i.forward_dense     network_runtime.lib(layers_conv2d_generic_float.o)
    0x08004ad6   0x08004ad6   0x00000026   Code   RO         4242    i.forward_relu      network_runtime.lib(layers_nl_generic_float.o)
    0x08004afc   0x08004afc   0x0000002c   Code   RO         4247    i.forward_sm        network_runtime.lib(layers_nl_generic_float.o)
    0x08004b28   0x08004b28   0x00000024   Code   RO         3226    i.fputc             aitestutility.o
    0x08004b4c   0x08004b4c   0x00000002   Code   RO         4226    i.func_dummy        network_runtime.lib(layers_conv2d_generic_float.o)
    0x08004b4e   0x08004b4e   0x00000002   PAD
    0x08004b50   0x08004b50   0x000001ac   Code   RO         3231    i.logDeviceConf     aitestutility.o
    0x08004cfc   0x08004cfc   0x00000050   Code   RO           18    i.main              main.o
    0x08004d4c   0x08004d4c   0x0000005c   Code   RO         4057    i.network_configure_activations  network.o
    0x08004da8   0x08004da8   0x000000b0   Code   RO         4058    i.network_configure_weights  network.o
    0x08004e58   0x08004e58   0x00000030   Code   RO         4252    i.nl_func_relu_array_f32  network_runtime.lib(layers_nl_generic_float.o)
    0x08004e88   0x08004e88   0x0000002e   Code   RO         4256    i.nl_func_sm_array_f32  network_runtime.lib(layers_nl_generic_float.o)
    0x08004eb6   0x08004eb6   0x00000002   PAD
    0x08004eb8   0x08004eb8   0x00000090   Code   RO         4257    i.nl_func_sm_channel_f32  network_runtime.lib(layers_nl_generic_float.o)
    0x08004f48   0x08004f48   0x0000003e   Code   RO         4282    i.pool_func_mp_array_f32  network_runtime.lib(layers_pool_generic_float.o)
    0x08004f86   0x08004f86   0x00000002   PAD
    0x08004f88   0x08004f88   0x00000048   Data   RO          201    .constdata          app_x-cube-ai.o
    0x08004fd0   0x08004fd0   0x00000040   Data   RO          428    .constdata          system_stm32l4xx.o
    0x08005010   0x08005010   0x00000008   Data   RO          429    .constdata          system_stm32l4xx.o
    0x08005018   0x08005018   0x00000cc8   Data   RO         2928    .constdata          aipredictation.o
    0x08005ce0   0x08005ce0   0x000c1e18   Data   RO         3855    .constdata          network_data.o
    0x080c7af8   0x080c7af8   0x00000004   Data   RO         4059    .constdata          network.o
    0x080c7afc   0x080c7afc   0x00000004   Data   RO         4060    .constdata          network.o
    0x080c7b00   0x080c7b00   0x00000004   Data   RO         4061    .constdata          network.o
    0x080c7b04   0x080c7b04   0x00000004   Data   RO         4062    .constdata          network.o
    0x080c7b08   0x080c7b08   0x00000004   Data   RO         4063    .constdata          network.o
    0x080c7b0c   0x080c7b0c   0x00000004   Data   RO         4064    .constdata          network.o
    0x080c7b10   0x080c7b10   0x00000004   Data   RO         4065    .constdata          network.o
    0x080c7b14   0x080c7b14   0x0000007c   Data   RO         4066    .constdata          network.o
    0x080c7b90   0x080c7b90   0x00000020   Data   RO         4196    .constdata          network_runtime.lib(ai_platform_interface.o)
    0x080c7bb0   0x080c7bb0   0x00000030   Data   RO         4334    .constdata          m_wm.l(expf.o)
    0x080c7be0   0x080c7be0   0x00000008   Data   RO          202    .conststring        app_x-cube-ai.o
    0x080c7be8   0x080c7be8   0x00000044   Data   RO         3242    .conststring        aitestutility.o
    0x080c7c2c   0x080c7c2c   0x0000005d   Data   RO         4067    .conststring        network.o
    0x080c7c89   0x080c7c89   0x00000003   PAD
    0x080c7c8c   0x080c7c8c   0x00000020   Data   RO         4718    Region$$Table       anon$$obj.o


    Execution Region RW_IRAM1 (Exec base: 0x20000000, Load base: 0x080c7cac, Size: 0x0000c200, Max: 0x00018000, ABSOLUTE, COMPRESSED[0x000001f0])

    Exec Addr    Load Addr    Size         Type   Attr      Idx    E Section Name        Object

    0x20000000   COMPRESSED   0x00000004   Data   RW          430    .data               system_stm32l4xx.o
    0x20000004   COMPRESSED   0x00000004   Data   RW         1094    .data               stm32l4xx_hal.o
    0x20000008   COMPRESSED   0x0000000c   Data   RW         3243    .data               aitestutility.o
    0x20000014   COMPRESSED   0x00000008   Data   RW         4068    .data               network.o
    0x2000001c   COMPRESSED   0x00000008   Data   RW         4069    .data               network.o
    0x20000024   COMPRESSED   0x0000000c   Data   RW         4070    .data               network.o
    0x20000030   COMPRESSED   0x00000004   Data   RW         4071    .data               network.o
    0x20000034   COMPRESSED   0x00000010   Data   RW         4072    .data               network.o
    0x20000044   COMPRESSED   0x00000008   Data   RW         4073    .data               network.o
    0x2000004c   COMPRESSED   0x00000008   Data   RW         4074    .data               network.o
    0x20000054   COMPRESSED   0x0000000c   Data   RW         4075    .data               network.o
    0x20000060   COMPRESSED   0x00000004   Data   RW         4076    .data               network.o
    0x20000064   COMPRESSED   0x00000010   Data   RW         4077    .data               network.o
    0x20000074   COMPRESSED   0x00000008   Data   RW         4078    .data               network.o
    0x2000007c   COMPRESSED   0x00000008   Data   RW         4079    .data               network.o
    0x20000084   COMPRESSED   0x00000004   Data   RW         4080    .data               network.o
    0x20000088   COMPRESSED   0x00000004   Data   RW         4081    .data               network.o
    0x2000008c   COMPRESSED   0x00000010   Data   RW         4082    .data               network.o
    0x2000009c   COMPRESSED   0x00000008   Data   RW         4083    .data               network.o
    0x200000a4   COMPRESSED   0x00000008   Data   RW         4084    .data               network.o
    0x200000ac   COMPRESSED   0x0000000c   Data   RW         4085    .data               network.o
    0x200000b8   COMPRESSED   0x00000004   Data   RW         4086    .data               network.o
    0x200000bc   COMPRESSED   0x00000010   Data   RW         4087    .data               network.o
    0x200000cc   COMPRESSED   0x00000008   Data   RW         4088    .data               network.o
    0x200000d4   COMPRESSED   0x00000008   Data   RW         4089    .data               network.o
    0x200000dc   COMPRESSED   0x00000004   Data   RW         4090    .data               network.o
    0x200000e0   COMPRESSED   0x00000004   Data   RW         4091    .data               network.o
    0x200000e4   COMPRESSED   0x00000010   Data   RW         4092    .data               network.o
    0x200000f4   COMPRESSED   0x00000008   Data   RW         4093    .data               network.o
    0x200000fc   COMPRESSED   0x00000008   Data   RW         4094    .data               network.o
    0x20000104   COMPRESSED   0x0000000c   Data   RW         4095    .data               network.o
    0x20000110   COMPRESSED   0x00000004   Data   RW         4096    .data               network.o
    0x20000114   COMPRESSED   0x00000010   Data   RW         4097    .data               network.o
    0x20000124   COMPRESSED   0x00000008   Data   RW         4098    .data               network.o
    0x2000012c   COMPRESSED   0x00000008   Data   RW         4099    .data               network.o
    0x20000134   COMPRESSED   0x00000004   Data   RW         4100    .data               network.o
    0x20000138   COMPRESSED   0x00000004   Data   RW         4101    .data               network.o
    0x2000013c   COMPRESSED   0x00000010   Data   RW         4102    .data               network.o
    0x2000014c   COMPRESSED   0x00000158   Data   RW         4103    .data               network.o
    0x200002a4   COMPRESSED   0x00000024   Data   RW         4104    .data               network.o
    0x200002c8   COMPRESSED   0x00000024   Data   RW         4105    .data               network.o
    0x200002ec   COMPRESSED   0x00000024   Data   RW         4106    .data               network.o
    0x20000310   COMPRESSED   0x00000024   Data   RW         4107    .data               network.o
    0x20000334   COMPRESSED   0x00000024   Data   RW         4108    .data               network.o
    0x20000358   COMPRESSED   0x00000024   Data   RW         4109    .data               network.o
    0x2000037c   COMPRESSED   0x00000024   Data   RW         4110    .data               network.o
    0x200003a0   COMPRESSED   0x00000024   Data   RW         4111    .data               network.o
    0x200003c4   COMPRESSED   0x00000024   Data   RW         4112    .data               network.o
    0x200003e8   COMPRESSED   0x00000024   Data   RW         4113    .data               network.o
    0x2000040c   COMPRESSED   0x00000024   Data   RW         4114    .data               network.o
    0x20000430   COMPRESSED   0x00000054   Data   RW         4115    .data               network.o
    0x20000484   COMPRESSED   0x00000024   Data   RW         4116    .data               network.o
    0x200004a8   COMPRESSED   0x00000024   Data   RW         4117    .data               network.o
    0x200004cc   COMPRESSED   0x00000018   Data   RW         4118    .data               network.o
    0x200004e4   COMPRESSED   0x00000018   Data   RW         4119    .data               network.o
    0x200004fc   COMPRESSED   0x00000024   Data   RW         4120    .data               network.o
    0x20000520   COMPRESSED   0x00000024   Data   RW         4121    .data               network.o
    0x20000544   COMPRESSED   0x00000018   Data   RW         4122    .data               network.o
    0x2000055c   COMPRESSED   0x00000018   Data   RW         4123    .data               network.o
    0x20000574   COMPRESSED   0x00000024   Data   RW         4124    .data               network.o
    0x20000598   COMPRESSED   0x00000024   Data   RW         4125    .data               network.o
    0x200005bc   COMPRESSED   0x00000018   Data   RW         4126    .data               network.o
    0x200005d4   COMPRESSED   0x00000018   Data   RW         4127    .data               network.o
    0x200005ec   COMPRESSED   0x00000004   Data   RW         4685    .data               mc_w.l(stdout.o)
    0x200005f0   COMPRESSED   0x00000004   Data   RW         4693    .data               mc_w.l(errno.o)
    0x200005f4        -       0x0000009c   Zero   RW           19    .bss                main.o
    0x20000690        -       0x00000028   Zero   RW          200    .bss                app_x-cube-ai.o
    0x200006b8        -       0x00000540   Zero   RW         2926    .bss                aipredictation.o
    0x20000bf8        -       0x0000b204   Zero   RW         2927    .bss                aipredictation.o
    0x2000bdfc   COMPRESSED   0x00000004   PAD
    0x2000be00        -       0x00000400   Zero   RW            1    STACK               startup_stm32l476xx.o


==============================================================================

Image component sizes


      Code (inc. data)   RO Data    RW Data    ZI Data      Debug   Object Name

      2044        966       3272          0      46916      33440   aipredictation.o
      1696       1090         68         12          0       8092   aitestutility.o
       458         18         80          0         40       9185   app_x-cube-ai.o
       104          4          0          0          0      14167   arm_dot_prod_f32.o
         0          0          0          0          0      27780   har_model.o
       952         56          0          0        156     799668   main.o
       480         34        245       1496          0       9326   network.o
         8          4     794136          0          0        986   network_data.o
        36          8        392          0       1024        868   startup_stm32l476xx.o
       184         36          0          4          0       6133   stm32l4xx_hal.o
       172         14          0          0          0      29898   stm32l4xx_hal_cortex.o
       116          4          0          0          0       1223   stm32l4xx_hal_crc.o
        78          0          0          0          0       1331   stm32l4xx_hal_crc_ex.o
       468         38          0          0          0       2544   stm32l4xx_hal_gpio.o
       184         28          0          0          0       2255   stm32l4xx_hal_msp.o
       120         20          0          0          0       1430   stm32l4xx_hal_pwr_ex.o
      1776         92          0          0          0       7636   stm32l4xx_hal_rcc.o
      1506         44          0          0          0       4180   stm32l4xx_hal_rcc_ex.o
      1346         70          0          0          0       6621   stm32l4xx_hal_uart.o
        20          0          0          0          0       4370   stm32l4xx_it.o
        68         12         72          4          0       1309   system_stm32l4xx.o

    ----------------------------------------------------------------------
     11832       2538     798300       1516      48140     972442   Object Totals
         0          0         32          0          0          0   (incl. Generated)
        16          0          3          0          4          0   (incl. Padding)

    ----------------------------------------------------------------------

      Code (inc. data)   RO Data    RW Data    ZI Data      Debug   Library Member Name

       488         62         48          0          0        236   expf.o
        38          0          0          0          0        116   fpclassifyf.o
        38         12          0          0          0        348   funder.o
        86          0          0          0          0          0   __dczerorl2.o
         0          0          0          0          0          0   entry.o
         0          0          0          0          0          0   entry10a.o
         0          0          0          0          0          0   entry11a.o
         8          4          0          0          0          0   entry2.o
         4          0          0          0          0          0   entry5.o
         0          0          0          0          0          0   entry7b.o
         0          0          0          0          0          0   entry8b.o
         8          4          0          0          0          0   entry9a.o
        12          6          0          4          0         68   errno.o
        30          0          0          0          0          0   handlers.o
        36          8          0          0          0         68   init.o
         0          0          0          0          0          0   iusefp.o
        30          0          0          0          0         68   llshl.o
        36          0          0          0          0         68   llsshr.o
        32          0          0          0          0         68   llushr.o
        26          0          0          0          0         80   memcmp.o
        36          0          0          0          0         68   memcpya.o
        36          0          0          0          0        108   memseta.o
      2270         90          0          0          0        452   printfa.o
         0          0          0          4          0          0   stdout.o
        14          0          0          0          0         68   strlen.o
        30          0          0          0          0         80   strncmp.o
        44          0          0          0          0         80   uidiv.o
       104          0          0          0          0         92   uldiv.o
        48          0          0          0          0         68   cdrcmple.o
       350          0          0          0          0        148   dadd.o
       222          0          0          0          0        100   ddiv.o
       186          0          0          0          0        176   depilogue.o
        48          0          0          0          0         68   dfixul.o
       234          0          0          0          0         96   dmul.o
        38          0          0          0          0         68   f2d.o
        52          4          0          0          0        132   ai_math_helpers.o
       806         80         32          0          0       2112   ai_platform_interface.o
        42          0          0          0          0        348   core_common.o
        86          6          0          0          0        372   layers.o
      2180         38          0          0          0       1264   layers_conv2d_generic_float.o
       342         12          0          0          0        776   layers_nl_generic_float.o
        62          0          0          0          0        128   layers_pool_generic_float.o

    ----------------------------------------------------------------------
      8136        326         80          8          0       7924   Library Totals
        34          0          0          0          0          0   (incl. Padding)

    ----------------------------------------------------------------------

      Code (inc. data)   RO Data    RW Data    ZI Data      Debug   Library Name

       564         74         48          0          0        700   m_wm.l
      2842        112          0          8          0       1368   mc_w.l
      1126          0          0          0          0        724   mf_w.l
      3570        140         32          0          0       5132   network_runtime.lib

    ----------------------------------------------------------------------
      8136        326         80          8          0       7924   Library Totals

    ----------------------------------------------------------------------

==============================================================================


      Code (inc. data)   RO Data    RW Data    ZI Data      Debug   

     19968       2864     798380       1524      48140     967710   Grand Totals
     19968       2864     798380        496      48140     967710   ELF Image Totals (compressed)
     19968       2864     798380        496          0          0   ROM Totals

==============================================================================

    Total RO  Size (Code + RO Data)               818348 ( 799.17kB)
    Total RW  Size (RW Data + ZI Data)             49664 (  48.50kB)
    Total ROM Size (Code + RO Data + RW Data)     818844 ( 799.65kB)

==============================================================================

