<html>
<body>
<pre>
<h1>µVision Build Log</h1>
<h2>Tool Versions:</h2>
IDE-Version: µVision V5.24.2.0
Copyright (C) 2017 ARM Ltd and ARM Germany GmbH. All rights reserved.
License Information: wasan wiyarun, baeslab.,co.ltd, LIC=W962Z-JGP1Q-PFKIX-HM5G0-H2EWJ-XYL6C
 
Tool Versions:
Toolchain:       MDK-ARM Professional  Version: 5.24.1
Toolchain Path:  C:\Keil_v5\ARM\ARMCC\Bin
C Compiler:      Armcc.exe V5.06 update 5 (build 528)
Assembler:       Armasm.exe V5.06 update 5 (build 528)
Linker/Locator:  ArmLink.exe V5.06 update 5 (build 528)
Library Manager: ArmAr.exe V5.06 update 5 (build 528)
Hex Converter:   FromElf.exe V5.06 update 5 (build 528)
CPU DLL:         SARMCM3.DLL V5.24.1
Dialog DLL:      DCM.DLL V1.16.0.0
Target DLL:      STLink\ST-LINKIII-KEIL_SWO.dll V3.0.1.0
Dialog DLL:      TCM.DLL V1.32.0.0
 
<h2>Project:</h2>
C:\Users\wa\Documents\Souce Code\003 STM32 AI\STM32_Ex02_AI_API_TEST\MDK-ARM\STM32_Ex02_AI_API_TEST.uvprojx
Project File Date:  04/09/2019

<h2>Output:</h2>
*** Using Compiler 'V5.06 update 5 (build 528)', folder: 'C:\Keil_v5\ARM\ARMCC\Bin'
Build target 'STM32_Ex02_AI_API_TEST'
compiling aiPredictation.c...
../Inc/aiPredictation.h(32): warning:  #1-D: last line of file ends without a newline
  #endif
..\Src\aiPredictation.c(941): warning:  #188-D: enumerated type mixed with another type
  		activity_from_predict = decode_activity_type(out_data, 
I_MNETWORK_OUT_1_SIZE);
..\Src\aiPredictation.c(994): warning:  #188-D: enumerated type mixed with another type
  		activity_from_predict = decode_activity_type(out_data, 
I_MNETWORK_OUT_1_SIZE);
..\Src\aiPredictation.c(1047): warning:  #188-D: enumerated type mixed with another type
  		activity_from_predict = decode_activity_type(out_data, 
I_MNETWORK_OUT_1_SIZE);
..\Src\aiPredictation.c(1084): warning:  #188-D: enumerated type mixed with another type
  		predict_activity_t res = -1;
..\Src\aiPredictation.c(1084): warning:  #68-D: integer conversion resulted in a change of sign
  		predict_activity_t res = -1;
..\Src\aiPredictation.c(1091): warning:  #188-D: enumerated type mixed with another type
  						res = i;
..\Src\aiPredictation.c(822): warning:  #177-D: function "aiValidationCore"  was declared but never referenced
  static int aiValidationCore(void)
..\Src\aiPredictation.c(832): warning:  #177-D: variable "pbCmdFuncTab"  was declared but never referenced
  static aiPbCmdFunc pbCmdFuncTab[] = {
..\Src\aiPredictation.c: 9 warnings, 0 errors
linking...
Program Size: Code=19968 RO-data=798380 RW-data=1524 ZI-data=48140  
FromELF: creating hex file...
"STM32_Ex02_AI_API_TEST\STM32_Ex02_AI_API_TEST.axf" - 0 Error(s), 9 Warning(s).

<h2>Software Packages used:</h2>

Package Vendor: ARM
                http://www.keil.com/pack/ARM.CMSIS.5.4.0.pack
                ARM.CMSIS.5.4.0
                CMSIS (Cortex Microcontroller Software Interface Standard)
   * Component: CORE Version: 5.1.2

Package Vendor: Keil
                http://www.keil.com/pack/Keil.STM32L4xx_DFP.2.0.0.pack
                Keil.STM32L4xx_DFP.2.0.0
                STMicroelectronics STM32L4 Series Device Support, Drivers and Examples

<h2>Collection of Component include folders:</h2>
  .\RTE\_STM32_Ex02_AI_API_TEST
  C:\Keil_v5\ARM\PACK\ARM\CMSIS\5.4.0\CMSIS\Core\Include
  C:\Keil_v5\ARM\PACK\Keil\STM32L4xx_DFP\2.0.0\Drivers\CMSIS\Device\ST\STM32L4xx\Include

<h2>Collection of Component Files used:</h2>

   * Component: ARM::CMSIS:CORE:5.1.2
Build Time Elapsed:  00:00:04
</pre>
</body>
</html>
